TinyFrame.h:135:20:TF_ClearMsg	16	static
TinyFrame.c:30:17:TF_ClaimTx	16	static
TinyFrame.c:41:17:TF_ReleaseTx	16	static
TinyFrame.c:135:21:TF_CksumStart	4	static
TinyFrame.c:138:21:TF_CksumAdd	16	static
TinyFrame.c:141:21:TF_CksumEnd	16	static
TinyFrame.c:214:13:TF_InitStatic	24	static
TinyFrame.c:235:20:TF_Init	24	static
TinyFrame.c:248:6:TF_DeInit	16	static
TinyFrame.c:260:27:renew_id_listener	16	static
TinyFrame.c:266:20:cleanup_id_listener	48	static
TinyFrame.c:288:27:cleanup_type_listener	24	static
TinyFrame.c:297:27:cleanup_generic_listener	24	static
TinyFrame.c:306:13:TF_AddIdListener	32	static
TinyFrame.c:332:13:TF_AddTypeListener	32	static
TinyFrame.c:354:13:TF_AddGenericListener	24	static
TinyFrame.c:375:13:TF_RemoveIdListener	24	static
TinyFrame.c:393:13:TF_RemoveTypeListener	24	static
TinyFrame.c:411:13:TF_RemoveGenericListener	24	static
TinyFrame.c:429:20:TF_HandleReceivedMessage	56	static
TinyFrame.c:528:13:TF_RenewIdListener	24	static
TinyFrame.c:551:13:TF_Accept	32	static
TinyFrame.c:560:13:TF_ResetParser	16	static
TinyFrame.c:567:20:pars_begin_frame	16	static
TinyFrame.c:582:13:TF_AcceptChar	16	static
TinyFrame.c:772:31:TF_ComposeHead	40	static
TinyFrame.c:827:31:TF_ComposeBody	40	static
TinyFrame.c:851:31:TF_ComposeTail	32	static
TinyFrame.c:874:20:TF_SendFrame_Begin	32	static
TinyFrame.c:900:20:TF_SendFrame_Chunk	40	static
TinyFrame.c:927:20:TF_SendFrame_End	16	static
TinyFrame.c:955:20:TF_SendFrame	32	static
TinyFrame.c:974:13:TF_Send	24	static
TinyFrame.c:980:13:TF_SendSimple	48	static
TinyFrame.c:991:13:TF_QuerySimple	56	static
TinyFrame.c:1002:13:TF_Query	32	static
TinyFrame.c:1008:13:TF_Respond	16	static
TinyFrame.c:1019:13:TF_Send_Multipart	16	static
TinyFrame.c:1025:13:TF_SendSimple_Multipart	16	static
TinyFrame.c:1030:13:TF_QuerySimple_Multipart	40	static
TinyFrame.c:1035:13:TF_Query_Multipart	32	static
TinyFrame.c:1041:13:TF_Respond_Multipart	16	static
TinyFrame.c:1047:13:TF_Multipart_Payload	24	static
TinyFrame.c:1052:13:TF_Multipart_Close	16	static
TinyFrame.c:1061:13:TF_Tick	24	static
