Archive member included to satisfy reference by file (symbol)

c:/st/stm32cubeide_1.8.0/stm32cubeide/plugins/com.st.stm32cube.ide.mcu.externaltools.gnu-tools-for-stm32.9-2020-q2-update.win32_2.0.0.202105311346/tools/bin/../lib/gcc/arm-none-eabi/9.3.1/../../../../arm-none-eabi/lib/thumb/v7e-m+fp/hard\libc_nano.a(lib_a-errno.o)
                              ./Core/Src/syscalls.o (__errno)
c:/st/stm32cubeide_1.8.0/stm32cubeide/plugins/com.st.stm32cube.ide.mcu.externaltools.gnu-tools-for-stm32.9-2020-q2-update.win32_2.0.0.202105311346/tools/bin/../lib/gcc/arm-none-eabi/9.3.1/../../../../arm-none-eabi/lib/thumb/v7e-m+fp/hard\libc_nano.a(lib_a-exit.o)
                              c:/st/stm32cubeide_1.8.0/stm32cubeide/plugins/com.st.stm32cube.ide.mcu.externaltools.gnu-tools-for-stm32.9-2020-q2-update.win32_2.0.0.202105311346/tools/bin/../lib/gcc/arm-none-eabi/9.3.1/../../../../arm-none-eabi/lib/thumb/v7e-m+fp/hard/crt0.o (exit)
c:/st/stm32cubeide_1.8.0/stm32cubeide/plugins/com.st.stm32cube.ide.mcu.externaltools.gnu-tools-for-stm32.9-2020-q2-update.win32_2.0.0.202105311346/tools/bin/../lib/gcc/arm-none-eabi/9.3.1/../../../../arm-none-eabi/lib/thumb/v7e-m+fp/hard\libc_nano.a(lib_a-impure.o)
                              c:/st/stm32cubeide_1.8.0/stm32cubeide/plugins/com.st.stm32cube.ide.mcu.externaltools.gnu-tools-for-stm32.9-2020-q2-update.win32_2.0.0.202105311346/tools/bin/../lib/gcc/arm-none-eabi/9.3.1/../../../../arm-none-eabi/lib/thumb/v7e-m+fp/hard\libc_nano.a(lib_a-exit.o) (_global_impure_ptr)
c:/st/stm32cubeide_1.8.0/stm32cubeide/plugins/com.st.stm32cube.ide.mcu.externaltools.gnu-tools-for-stm32.9-2020-q2-update.win32_2.0.0.202105311346/tools/bin/../lib/gcc/arm-none-eabi/9.3.1/../../../../arm-none-eabi/lib/thumb/v7e-m+fp/hard\libc_nano.a(lib_a-init.o)
                              c:/st/stm32cubeide_1.8.0/stm32cubeide/plugins/com.st.stm32cube.ide.mcu.externaltools.gnu-tools-for-stm32.9-2020-q2-update.win32_2.0.0.202105311346/tools/bin/../lib/gcc/arm-none-eabi/9.3.1/../../../../arm-none-eabi/lib/thumb/v7e-m+fp/hard/crt0.o (__libc_init_array)
c:/st/stm32cubeide_1.8.0/stm32cubeide/plugins/com.st.stm32cube.ide.mcu.externaltools.gnu-tools-for-stm32.9-2020-q2-update.win32_2.0.0.202105311346/tools/bin/../lib/gcc/arm-none-eabi/9.3.1/../../../../arm-none-eabi/lib/thumb/v7e-m+fp/hard\libc_nano.a(lib_a-malloc.o)
                              ./Components/HMI/TinyFrame.o (malloc)
c:/st/stm32cubeide_1.8.0/stm32cubeide/plugins/com.st.stm32cube.ide.mcu.externaltools.gnu-tools-for-stm32.9-2020-q2-update.win32_2.0.0.202105311346/tools/bin/../lib/gcc/arm-none-eabi/9.3.1/../../../../arm-none-eabi/lib/thumb/v7e-m+fp/hard\libc_nano.a(lib_a-memcmp.o)
                              ./ThirdParty/SEGGER/OS/SEGGER_SYSVIEW_FreeRTOS.o (memcmp)
c:/st/stm32cubeide_1.8.0/stm32cubeide/plugins/com.st.stm32cube.ide.mcu.externaltools.gnu-tools-for-stm32.9-2020-q2-update.win32_2.0.0.202105311346/tools/bin/../lib/gcc/arm-none-eabi/9.3.1/../../../../arm-none-eabi/lib/thumb/v7e-m+fp/hard\libc_nano.a(lib_a-memcpy-stub.o)
                              ./Components/HMI/payload_builder.o (memcpy)
c:/st/stm32cubeide_1.8.0/stm32cubeide/plugins/com.st.stm32cube.ide.mcu.externaltools.gnu-tools-for-stm32.9-2020-q2-update.win32_2.0.0.202105311346/tools/bin/../lib/gcc/arm-none-eabi/9.3.1/../../../../arm-none-eabi/lib/thumb/v7e-m+fp/hard\libc_nano.a(lib_a-memset.o)
                              c:/st/stm32cubeide_1.8.0/stm32cubeide/plugins/com.st.stm32cube.ide.mcu.externaltools.gnu-tools-for-stm32.9-2020-q2-update.win32_2.0.0.202105311346/tools/bin/../lib/gcc/arm-none-eabi/9.3.1/../../../../arm-none-eabi/lib/thumb/v7e-m+fp/hard/crt0.o (memset)
c:/st/stm32cubeide_1.8.0/stm32cubeide/plugins/com.st.stm32cube.ide.mcu.externaltools.gnu-tools-for-stm32.9-2020-q2-update.win32_2.0.0.202105311346/tools/bin/../lib/gcc/arm-none-eabi/9.3.1/../../../../arm-none-eabi/lib/thumb/v7e-m+fp/hard\libc_nano.a(lib_a-nano-freer.o)
                              c:/st/stm32cubeide_1.8.0/stm32cubeide/plugins/com.st.stm32cube.ide.mcu.externaltools.gnu-tools-for-stm32.9-2020-q2-update.win32_2.0.0.202105311346/tools/bin/../lib/gcc/arm-none-eabi/9.3.1/../../../../arm-none-eabi/lib/thumb/v7e-m+fp/hard\libc_nano.a(lib_a-malloc.o) (_free_r)
c:/st/stm32cubeide_1.8.0/stm32cubeide/plugins/com.st.stm32cube.ide.mcu.externaltools.gnu-tools-for-stm32.9-2020-q2-update.win32_2.0.0.202105311346/tools/bin/../lib/gcc/arm-none-eabi/9.3.1/../../../../arm-none-eabi/lib/thumb/v7e-m+fp/hard\libc_nano.a(lib_a-nano-mallocr.o)
                              c:/st/stm32cubeide_1.8.0/stm32cubeide/plugins/com.st.stm32cube.ide.mcu.externaltools.gnu-tools-for-stm32.9-2020-q2-update.win32_2.0.0.202105311346/tools/bin/../lib/gcc/arm-none-eabi/9.3.1/../../../../arm-none-eabi/lib/thumb/v7e-m+fp/hard\libc_nano.a(lib_a-malloc.o) (_malloc_r)
[...]
Memory Configuration

Name             Origin             Length             Attributes
RAM              0x0000000020000000 0x0000000000020000 xrw
FLASH            0x0000000008000000 0x0000000000080000 xr
*default*        0x0000000000000000 0xffffffffffffffff

Linker script and memory map

LOAD c:/st/stm32cubeide_1.8.0/stm32cubeide/plugins/com.st.stm32cube.ide.mcu.externaltools.gnu-tools-for-stm32.9-2020-q2-update.win32_2.0.0.202105311346/tools/bin/../lib/gcc/arm-none-eabi/9.3.1/thumb/v7e-m+fp/hard/crti.o
LOAD c:/st/stm32cubeide_1.8.0/stm32cubeide/plugins/com.st.stm32cube.ide.mcu.externaltools.gnu-tools-for-stm32.9-2020-q2-update.win32_2.0.0.202105311346/tools/bin/../lib/gcc/arm-none-eabi/9.3.1/thumb/v7e-m+fp/hard/crtbegin.o
LOAD c:/st/stm32cubeide_1.8.0/stm32cubeide/plugins/com.st.stm32cube.ide.mcu.externaltools.gnu-tools-for-stm32.9-2020-q2-update.win32_2.0.0.202105311346/tools/bin/../lib/gcc/arm-none-eabi/9.3.1/../../../../arm-none-eabi/lib/thumb/v7e-m+fp/hard/crt0.o
LOAD ./Components/Application/API_application.o
LOAD ./Components/Audio/API_buzzer.o
LOAD ./Components/Battery/API_battery.o
LOAD ./Components/HMI/API_HMI.o
LOAD ./Components/HMI/TinyFrame.o
LOAD ./Components/HMI/payload_builder.o
LOAD ./Components/HMI/payload_parser.o
LOAD ./Components/HMI/utils.o
LOAD ./Components/LEDS/API_LEDS.o
LOAD ./Components/Payload/API_payload.o
LOAD ./Components/Recovery/API_recovery.o
LOAD ./Components/Sensors/API_sensors.o
LOAD ./Components/Sensors/bmp280.o
LOAD ./Components/Sensors/mpu6050.o
LOAD ./Core/Src/adc.o
LOAD ./Core/Src/dma.o
LOAD ./Core/Src/gpio.o
LOAD ./Core/Src/i2c.o
LOAD ./Core/Src/main.o
LOAD ./Core/Src/stm32f4xx_hal_msp.o
LOAD ./Core/Src/stm32f4xx_hal_timebase_tim.o
LOAD ./Core/Src/stm32f4xx_it.o
LOAD ./Core/Src/syscalls.o
LOAD ./Core/Src/sysmem.o
LOAD ./Core/Src/system_stm32f4xx.o
LOAD ./Core/Src/tim.o
LOAD ./Core/Src/usart.o
LOAD ./Core/Startup/startup_stm32f411retx.o
LOAD ./Drivers/STM32F4xx_HAL_Driver/Src/stm32f4xx_hal.o
LOAD ./Drivers/STM32F4xx_HAL_Driver/Src/stm32f4xx_hal_adc.o
LOAD ./Drivers/STM32F4xx_HAL_Driver/Src/stm32f4xx_hal_adc_ex.o
LOAD ./Drivers/STM32F4xx_HAL_Driver/Src/stm32f4xx_hal_cortex.o
LOAD ./Drivers/STM32F4xx_HAL_Driver/Src/stm32f4xx_hal_dma.o
LOAD ./Drivers/STM32F4xx_HAL_Driver/Src/stm32f4xx_hal_dma_ex.o
LOAD ./Drivers/STM32F4xx_HAL_Driver/Src/stm32f4xx_hal_exti.o
LOAD ./Drivers/STM32F4xx_HAL_Driver/Src/stm32f4xx_hal_flash.o
LOAD ./Drivers/STM32F4xx_HAL_Driver/Src/stm32f4xx_hal_flash_ex.o
LOAD ./Drivers/STM32F4xx_HAL_Driver/Src/stm32f4xx_hal_flash_ramfunc.o
LOAD ./Drivers/STM32F4xx_HAL_Driver/Src/stm32f4xx_hal_gpio.o
LOAD ./Drivers/STM32F4xx_HAL_Driver/Src/stm32f4xx_hal_i2c.o
LOAD ./Drivers/STM32F4xx_HAL_Driver/Src/stm32f4xx_hal_i2c_ex.o
LOAD ./Drivers/STM32F4xx_HAL_Driver/Src/stm32f4xx_hal_pwr.o
LOAD ./Drivers/STM32F4xx_HAL_Driver/Src/stm32f4xx_hal_pwr_ex.o
LOAD ./Drivers/STM32F4xx_HAL_Driver/Src/stm32f4xx_hal_rcc.o
LOAD ./Drivers/STM32F4xx_HAL_Driver/Src/stm32f4xx_hal_rcc_ex.o
LOAD ./Drivers/STM32F4xx_HAL_Driver/Src/stm32f4xx_hal_tim.o
LOAD ./Drivers/STM32F4xx_HAL_Driver/Src/stm32f4xx_hal_tim_ex.o
LOAD ./Drivers/STM32F4xx_HAL_Driver/Src/stm32f4xx_hal_uart.o
LOAD ./Drivers/STM32F4xx_HAL_Driver/Src/stm32f4xx_ll_adc.o
LOAD ./ThirdParty/FreeRTOS/croutine.o
LOAD ./ThirdParty/FreeRTOS/event_groups.o
LOAD ./ThirdParty/FreeRTOS/list.o
LOAD ./ThirdParty/FreeRTOS/queue.o
LOAD ./ThirdParty/FreeRTOS/stream_buffer.o
LOAD ./ThirdParty/FreeRTOS/tasks.o
LOAD ./ThirdParty/FreeRTOS/timers.o
LOAD ./ThirdParty/FreeRTOS/portable/GCC/ARM_CM4F/port.o
LOAD ./ThirdParty/FreeRTOS/portable/MemMang/heap_4.o
LOAD ./ThirdParty/SEGGER/Config/SEGGER_SYSVIEW_Config_FreeRTOS.o
LOAD ./ThirdParty/SEGGER/OS/SEGGER_SYSVIEW_FreeRTOS.o
LOAD ./ThirdParty/SEGGER/SEGGER/SEGGER_RTT.o
LOAD ./ThirdParty/SEGGER/SEGGER/SEGGER_RTT_ASM_ARMv7M.o
LOAD ./ThirdParty/SEGGER/SEGGER/SEGGER_RTT_printf.o
LOAD ./ThirdParty/SEGGER/SEGGER/SEGGER_SYSVIEW.o
LOAD ./ThirdParty/SEGGER/SEGGER/Syscalls/SEGGER_RTT_Syscalls_GCC.o
START GROUP
LOAD c:/st/stm32cubeide_1.8.0/stm32cubeide/plugins/com.st.stm32cube.ide.mcu.externaltools.gnu-tools-for-stm32.9-2020-q2-update.win32_2.0.0.202105311346/tools/bin/../lib/gcc/arm-none-eabi/9.3.1/../../../../arm-none-eabi/lib/thumb/v7e-m+fp/hard\libc_nano.a
LOAD c:/st/stm32cubeide_1.8.0/stm32cubeide/plugins/com.st.stm32cube.ide.mcu.externaltools.gnu-tools-for-stm32.9-2020-q2-update.win32_2.0.0.202105311346/tools/bin/../lib/gcc/arm-none-eabi/9.3.1/../../../../arm-none-eabi/lib/thumb/v7e-m+fp/hard\libm.a
END GROUP
START GROUP
LOAD c:/st/stm32cubeide_1.8.0/stm32cubeide/plugins/com.st.stm32cube.ide.mcu.externaltools.gnu-tools-for-stm32.9-2020-q2-update.win32_2.0.0.202105311346/tools/bin/../lib/gcc/arm-none-eabi/9.3.1/thumb/v7e-m+fp/hard\libgcc.a
LOAD c:/st/stm32cubeide_1.8.0/stm32cubeide/plugins/com.st.stm32cube.ide.mcu.externaltools.gnu-tools-for-stm32.9-2020-q2-update.win32_2.0.0.202105311346/tools/bin/../lib/gcc/arm-none-eabi/9.3.1/../../../../arm-none-eabi/lib/thumb/v7e-m+fp/hard\libc_nano.a
END GROUP
START GROUP
LOAD c:/st/stm32cubeide_1.8.0/stm32cubeide/plugins/com.st.stm32cube.ide.mcu.externaltools.gnu-tools-for-stm32.9-2020-q2-update.win32_2.0.0.202105311346/tools/bin/../lib/gcc/arm-none-eabi/9.3.1/thumb/v7e-m+fp/hard\libgcc.a
LOAD c:/st/stm32cubeide_1.8.0/stm32cubeide/plugins/com.st.stm32cube.ide.mcu.externaltools.gnu-tools-for-stm32.9-2020-q2-update.win32_2.0.0.202105311346/tools/bin/../lib/gcc/arm-none-eabi/9.3.1/../../../../arm-none-eabi/lib/thumb/v7e-m+fp/hard\libc_nano.a
LOAD c:/st/stm32cubeide_1.8.0/stm32cubeide/plugins/com.st.stm32cube.ide.mcu.externaltools.gnu-tools-for-stm32.9-2020-q2-update.win32_2.0.0.202105311346/tools/bin/../lib/gcc/arm-none-eabi/9.3.1/../../../../arm-none-eabi/lib/thumb/v7e-m+fp/hard\libnosys.a
END GROUP
START GROUP
LOAD c:/st/stm32cubeide_1.8.0/stm32cubeide/plugins/com.st.stm32cube.ide.mcu.externaltools.gnu-tools-for-stm32.9-2020-q2-update.win32_2.0.0.202105311346/tools/bin/../lib/gcc/arm-none-eabi/9.3.1/thumb/v7e-m+fp/hard\libgcc.a
LOAD c:/st/stm32cubeide_1.8.0/stm32cubeide/plugins/com.st.stm32cube.ide.mcu.externaltools.gnu-tools-for-stm32.9-2020-q2-update.win32_2.0.0.202105311346/tools/bin/../lib/gcc/arm-none-eabi/9.3.1/../../../../arm-none-eabi/lib/thumb/v7e-m+fp/hard\libc_nano.a
LOAD c:/st/stm32cubeide_1.8.0/stm32cubeide/plugins/com.st.stm32cube.ide.mcu.externaltools.gnu-tools-for-stm32.9-2020-q2-update.win32_2.0.0.202105311346/tools/bin/../lib/gcc/arm-none-eabi/9.3.1/../../../../arm-none-eabi/lib/thumb/v7e-m+fp/hard\libnosys.a
END GROUP
LOAD c:/st/stm32cubeide_1.8.0/stm32cubeide/plugins/com.st.stm32cube.ide.mcu.externaltools.gnu-tools-for-stm32.9-2020-q2-update.win32_2.0.0.202105311346/tools/bin/../lib/gcc/arm-none-eabi/9.3.1/thumb/v7e-m+fp/hard/crtend.o
LOAD c:/st/stm32cubeide_1.8.0/stm32cubeide/plugins/com.st.stm32cube.ide.mcu.externaltools.gnu-tools-for-stm32.9-2020-q2-update.win32_2.0.0.202105311346/tools/bin/../lib/gcc/arm-none-eabi/9.3.1/thumb/v7e-m+fp/hard/crtn.o
                0x0000000020020000                _estack = (ORIGIN (RAM) + LENGTH (RAM))
                0x0000000000000200                _Min_Heap_Size = 0x200
                0x0000000000000400                _Min_Stack_Size = 0x400

.isr_vector     0x0000000008000000      0x198
                0x0000000008000000                . = ALIGN (0x4)
 *(.isr_vector)
 .isr_vector    0x0000000008000000      0x198 ./Core/Startup/startup_stm32f411retx.o
                0x0000000008000000                g_pfnVectors
                0x0000000008000198                . = ALIGN (0x4)

.text           0x00000000080001a0     0xb630
                0x00000000080001a0                . = ALIGN (0x4)
 *(.text)
 .text          0x00000000080001a0       0x40 c:/st/stm32cubeide_1.8.0/stm32cubeide/plugins/com.st.stm32cube.ide.mcu.externaltools.gnu-tools-for-stm32.9-2020-q2-update.win32_2.0.0.202105311346/tools/bin/../lib/gcc/arm-none-eabi/9.3.1/thumb/v7e-m+fp/hard/crtbegin.o
 .text          0x00000000080001e0       0x94 ./ThirdParty/SEGGER/SEGGER/SEGGER_RTT_ASM_ARMv7M.o
                0x00000000080001e0                SEGGER_RTT_ASM_WriteSkipNoLock
 .text          0x0000000008000274       0x30 c:/st/stm32cubeide_1.8.0/stm32cubeide/plugins/com.st.stm32cube.ide.mcu.externaltools.gnu-tools-for-stm32.9-2020-q2-update.win32_2.0.0.202105311346/tools/bin/../lib/gcc/arm-none-eabi/9.3.1/thumb/v7e-m+fp/hard\libgcc.a(_aeabi_uldivmod.o)
                0x0000000008000274                __aeabi_uldivmod
 .text          0x00000000080002a4      0x2c4 c:/st/stm32cubeide_1.8.0/stm32cubeide/plugins/com.st.stm32cube.ide.mcu.externaltools.gnu-tools-for-stm32.9-2020-q2-update.win32_2.0.0.202105311346/tools/bin/../lib/gcc/arm-none-eabi/9.3.1/thumb/v7e-m+fp/hard\libgcc.a(_udivmoddi4.o)
                0x00000000080002a4                __udivmoddi4
 .text          0x0000000008000568        0x4 c:/st/stm32cubeide_1.8.0/stm32cubeide/plugins/com.st.stm32cube.ide.mcu.externaltools.gnu-tools-for-stm32.9-2020-q2-update.win32_2.0.0.202105311346/tools/bin/../lib/gcc/arm-none-eabi/9.3.1/thumb/v7e-m+fp/hard\libgcc.a(_dvmd_tls.o)
                0x0000000008000568                __aeabi_idiv0
                0x0000000008000568                __aeabi_ldiv0
 *(.text*)
 .text.handler_application
                0x000000000800056c      0x174 ./Components/Application/API_application.o
 .text.process_deploy
                0x00000000080006e0       0x38 ./Components/Application/API_application.o
 .text.process_user_btn
                0x0000000008000718       0xb4 ./Components/Application/API_application.o
 .text.process_mntr_recov
                0x00000000080007cc       0xc0 ./Components/Application/API_application.o
 .text.process_mntr_payload
                0x000000000800088c       0xc0 ./Components/Application/API_application.o
 .text.process_mntr_battery
                0x000000000800094c       0x9c ./Components/Application/API_application.o
 .text.API_APPLICATION_START
                0x00000000080009e8       0xc0 ./Components/Application/API_application.o
                0x00000000080009e8                API_APPLICATION_START
 .text.callback_timer_window_in
                0x0000000008000aa8       0x20 ./Components/Application/API_application.o
 .text.callback_timer_window_out
                0x0000000008000ac8       0x20 ./Components/Application/API_application.o
 .text.API_APPLICATION_CALLBACK_ISR
                0x0000000008000ae8       0x6c ./Components/Application/API_application.o
                0x0000000008000ae8                API_APPLICATION_CALLBACK_ISR
 .text.handler_buzzer
                0x0000000008000b54       0xb0 ./Components/Audio/API_buzzer.o
 .text.API_BUZZER_START
                0x0000000008000c04       0x78 ./Components/Audio/API_buzzer.o
                0x0000000008000c04                API_BUZZER_START
 .text.API_BUZZER_SEND_PARAMETER
                0x0000000008000c7c       0x34 ./Components/Audio/API_buzzer.o
                0x0000000008000c7c                API_BUZZER_SEND_PARAMETER
 .text.handler_battery
                0x0000000008000cb0       0xb8 ./Components/Battery/API_battery.o
 .text.convert_adc_volt
                0x0000000008000d68       0x34 ./Components/Battery/API_battery.o
 .text.update_status
                0x0000000008000d9c       0x34 ./Components/Battery/API_battery.o
 .text.API_BATTERY_START
                0x0000000008000dd0       0x60 ./Components/Battery/API_battery.o
                0x0000000008000dd0                API_BATTERY_START
 .text.API_BATTERY_GET_MNTR
                0x0000000008000e30       0x30 ./Components/Battery/API_battery.o
                0x0000000008000e30                API_BATTERY_GET_MNTR
 .text.TF_ClearMsg
                0x0000000008000e60       0x1a ./Components/HMI/API_HMI.o
 *fill*         0x0000000008000e7a        0x2 
 .text.handler_hmi
                0x0000000008000e7c       0x50 ./Components/HMI/API_HMI.o
 .text.API_HMI_START
                0x0000000008000ecc       0x70 ./Components/HMI/API_HMI.o
                0x0000000008000ecc                API_HMI_START
 .text.API_HMI_SEND_DATA
                0x0000000008000f3c       0x50 ./Components/HMI/API_HMI.o
                0x0000000008000f3c                API_HMI_SEND_DATA
 .text.TF_WriteImpl
                0x0000000008000f8c       0x28 ./Components/HMI/API_HMI.o
                0x0000000008000f8c                TF_WriteImpl
 .text.TF_ClaimTx
                0x0000000008000fb4       0x34 ./Components/HMI/TinyFrame.o
 .text.TF_ReleaseTx
                0x0000000008000fe8       0x1c ./Components/HMI/TinyFrame.o
 .text.TF_CksumStart
                0x0000000008001004       0x10 ./Components/HMI/TinyFrame.o
 .text.TF_CksumAdd
                0x0000000008001014       0x38 ./Components/HMI/TinyFrame.o
 .text.TF_CksumEnd
                0x000000000800104c       0x18 ./Components/HMI/TinyFrame.o
 .text.TF_InitStatic
                0x0000000008001064       0x54 ./Components/HMI/TinyFrame.o
                0x0000000008001064                TF_InitStatic
 .text.TF_Init  0x00000000080010b8       0x40 ./Components/HMI/TinyFrame.o
                0x00000000080010b8                TF_Init
 .text.TF_AddIdListener
                0x00000000080010f8       0xa0 ./Components/HMI/TinyFrame.o
                0x00000000080010f8                TF_AddIdListener
 .text.TF_ComposeHead
                0x0000000008001198      0x1aa ./Components/HMI/TinyFrame.o
 .text.TF_ComposeBody
                0x0000000008001342       0x68 ./Components/HMI/TinyFrame.o
 .text.TF_ComposeTail
                0x00000000080013aa       0x6c ./Components/HMI/TinyFrame.o
 .text.TF_SendFrame_Begin
                0x0000000008001416       0x8c ./Components/HMI/TinyFrame.o
 .text.TF_SendFrame_Chunk
                0x00000000080014a2       0xa2 ./Components/HMI/TinyFrame.o
 .text.TF_SendFrame_End
                0x0000000008001544       0x8a ./Components/HMI/TinyFrame.o
 .text.TF_SendFrame
                0x00000000080015ce       0x5e ./Components/HMI/TinyFrame.o
 .text.TF_Send  0x000000000800162c       0x24 ./Components/HMI/TinyFrame.o
                0x000000000800162c                TF_Send
 .text.handler_leds
                0x0000000008001650      0x194 ./Components/LEDS/API_LEDS.o
 .text.API_LEDS_START
                0x00000000080017e4      0x148 ./Components/LEDS/API_LEDS.o
                0x00000000080017e4                API_LEDS_START
 .text.API_LEDS_SEND_PARAMETER
                0x000000000800192c       0x34 ./Components/LEDS/API_LEDS.o
                0x000000000800192c                API_LEDS_SEND_PARAMETER
 .text.handler_payload
                0x0000000008001960       0x48 ./Components/Payload/API_payload.o
 .text.process_cmd
                0x00000000080019a8      0x124 ./Components/Payload/API_payload.o
 .text.check_position
                0x0000000008001acc       0xac ./Components/Payload/API_payload.o
 .text.API_PAYLOAD_START
                0x0000000008001b78       0x90 ./Components/Payload/API_payload.o
                0x0000000008001b78                API_PAYLOAD_START
 .text.API_PAYLOAD_SEND_CMD
                0x0000000008001c08       0x24 ./Components/Payload/API_payload.o
                0x0000000008001c08                API_PAYLOAD_SEND_CMD
 .text.API_PAYLOAD_GET_MNTR
                0x0000000008001c2c       0x30 ./Components/Payload/API_payload.o
                0x0000000008001c2c                API_PAYLOAD_GET_MNTR
 .text.handler_recovery
                0x0000000008001c5c       0x48 ./Components/Recovery/API_recovery.o
 .text.process_cmd
                0x0000000008001ca4      0x214 ./Components/Recovery/API_recovery.o
 .text.check_position
                0x0000000008001eb8      0x110 ./Components/Recovery/API_recovery.o
 .text.API_RECOVERY_START
                0x0000000008001fc8       0x9c ./Components/Recovery/API_recovery.o
                0x0000000008001fc8                API_RECOVERY_START
 .text.API_RECOVERY_SEND_CMD
                0x0000000008002064       0x24 ./Components/Recovery/API_recovery.o
                0x0000000008002064                API_RECOVERY_SEND_CMD
 .text.API_RECOVERY_GET_MNTR
                0x0000000008002088       0x30 ./Components/Recovery/API_recovery.o
                0x0000000008002088                API_RECOVERY_GET_MNTR
 .text.MX_ADC1_Init
                0x00000000080020b8       0xdc ./Core/Src/adc.o
                0x00000000080020b8                MX_ADC1_Init
 .text.HAL_ADC_MspInit
                0x0000000008002194       0xf0 ./Core/Src/adc.o
                0x0000000008002194                HAL_ADC_MspInit
 .text.MX_DMA_Init
                0x0000000008002284       0x40 ./Core/Src/dma.o
                0x0000000008002284                MX_DMA_Init
 .text.MX_GPIO_Init
                0x00000000080022c4      0x238 ./Core/Src/gpio.o
                0x00000000080022c4                MX_GPIO_Init
 .text.MX_I2C1_Init
                0x00000000080024fc       0x5c ./Core/Src/i2c.o
                0x00000000080024fc                MX_I2C1_Init
 .text.HAL_I2C_MspInit
                0x0000000008002558       0x90 ./Core/Src/i2c.o
                0x0000000008002558                HAL_I2C_MspInit
 .text.__NVIC_DisableIRQ
                0x00000000080025e8       0x48 ./Core/Src/main.o
 .text.main     0x0000000008002630       0x64 ./Core/Src/main.o
                0x0000000008002630                main
 .text.SystemClock_Config
                0x0000000008002694       0xd4 ./Core/Src/main.o
                0x0000000008002694                SystemClock_Config
 .text.HAL_GPIO_EXTI_Callback
                0x0000000008002768       0x52 ./Core/Src/main.o
                0x0000000008002768                HAL_GPIO_EXTI_Callback
 *fill*         0x00000000080027ba        0x2 
 .text.HAL_TIM_PeriodElapsedCallback
                0x00000000080027bc       0x24 ./Core/Src/main.o
                0x00000000080027bc                HAL_TIM_PeriodElapsedCallback
 .text.Error_Handler
                0x00000000080027e0        0xa ./Core/Src/main.o
                0x00000000080027e0                Error_Handler
 *fill*         0x00000000080027ea        0x2 
 .text.HAL_MspInit
                0x00000000080027ec       0x50 ./Core/Src/stm32f4xx_hal_msp.o
                0x00000000080027ec                HAL_MspInit
 .text.HAL_InitTick
                0x000000000800283c       0xb4 ./Core/Src/stm32f4xx_hal_timebase_tim.o
                0x000000000800283c                HAL_InitTick
 .text.NMI_Handler
                0x00000000080028f0        0x6 ./Core/Src/stm32f4xx_it.o
                0x00000000080028f0                NMI_Handler
 .text.HardFault_Handler
                0x00000000080028f6        0x6 ./Core/Src/stm32f4xx_it.o
                0x00000000080028f6                HardFault_Handler
 .text.MemManage_Handler
                0x00000000080028fc        0x6 ./Core/Src/stm32f4xx_it.o
                0x00000000080028fc                MemManage_Handler
 .text.BusFault_Handler
                0x0000000008002902        0x6 ./Core/Src/stm32f4xx_it.o
                0x0000000008002902                BusFault_Handler
 .text.UsageFault_Handler
                0x0000000008002908        0x6 ./Core/Src/stm32f4xx_it.o
                0x0000000008002908                UsageFault_Handler
 .text.DebugMon_Handler
                0x000000000800290e        0xe ./Core/Src/stm32f4xx_it.o
                0x000000000800290e                DebugMon_Handler
 .text.EXTI0_IRQHandler
                0x000000000800291c        0xe ./Core/Src/stm32f4xx_it.o
                0x000000000800291c                EXTI0_IRQHandler
 .text.EXTI1_IRQHandler
                0x000000000800292a        0xe ./Core/Src/stm32f4xx_it.o
                0x000000000800292a                EXTI1_IRQHandler
 .text.EXTI2_IRQHandler
                0x0000000008002938        0xe ./Core/Src/stm32f4xx_it.o
                0x0000000008002938                EXTI2_IRQHandler
 .text.EXTI3_IRQHandler
                0x0000000008002946        0xe ./Core/Src/stm32f4xx_it.o
                0x0000000008002946                EXTI3_IRQHandler
 .text.EXTI4_IRQHandler
                0x0000000008002954        0xe ./Core/Src/stm32f4xx_it.o
                0x0000000008002954                EXTI4_IRQHandler
 .text.EXTI9_5_IRQHandler
                0x0000000008002962        0xe ./Core/Src/stm32f4xx_it.o
                0x0000000008002962                EXTI9_5_IRQHandler
 .text.TIM5_IRQHandler
                0x0000000008002970       0x14 ./Core/Src/stm32f4xx_it.o
                0x0000000008002970                TIM5_IRQHandler
 .text.DMA2_Stream0_IRQHandler
                0x0000000008002984       0x14 ./Core/Src/stm32f4xx_it.o
                0x0000000008002984                DMA2_Stream0_IRQHandler
 .text._read    0x0000000008002998       0x3a ./Core/Src/syscalls.o
                0x0000000008002998                _read
 .text._close   0x00000000080029d2       0x18 ./Core/Src/syscalls.o
                0x00000000080029d2                _close
 .text._fstat   0x00000000080029ea       0x20 ./Core/Src/syscalls.o
                0x00000000080029ea                _fstat
 .text._isatty  0x0000000008002a0a       0x16 ./Core/Src/syscalls.o
                0x0000000008002a0a                _isatty
 .text._lseek   0x0000000008002a20       0x1a ./Core/Src/syscalls.o
                0x0000000008002a20                _lseek
 *fill*         0x0000000008002a3a        0x2 
 .text._sbrk    0x0000000008002a3c       0x6c ./Core/Src/sysmem.o
                0x0000000008002a3c                _sbrk
 .text.SystemInit
                0x0000000008002aa8       0x24 ./Core/Src/system_stm32f4xx.o
                0x0000000008002aa8                SystemInit
 .text.MX_TIM1_Init
                0x0000000008002acc      0x108 ./Core/Src/tim.o
                0x0000000008002acc                MX_TIM1_Init
 .text.MX_TIM2_Init
                0x0000000008002bd4       0xb0 ./Core/Src/tim.o
                0x0000000008002bd4                MX_TIM2_Init
 .text.MX_TIM3_Init
                0x0000000008002c84       0xb4 ./Core/Src/tim.o
                0x0000000008002c84                MX_TIM3_Init
 .text.HAL_TIM_PWM_MspInit
                0x0000000008002d38       0x98 ./Core/Src/tim.o
                0x0000000008002d38                HAL_TIM_PWM_MspInit
 .text.HAL_TIM_MspPostInit
                0x0000000008002dd0      0x114 ./Core/Src/tim.o
                0x0000000008002dd0                HAL_TIM_MspPostInit
 .text.MX_USART1_UART_Init
                0x0000000008002ee4       0x54 ./Core/Src/usart.o
                0x0000000008002ee4                MX_USART1_UART_Init
 .text.HAL_UART_MspInit
                0x0000000008002f38       0x90 ./Core/Src/usart.o
                0x0000000008002f38                HAL_UART_MspInit
 .text.Reset_Handler
                0x0000000008002fc8       0x50 ./Core/Startup/startup_stm32f411retx.o
                0x0000000008002fc8                Reset_Handler
 .text.Default_Handler
                0x0000000008003018        0x2 ./Core/Startup/startup_stm32f411retx.o
                0x0000000008003018                RTC_Alarm_IRQHandler
                0x0000000008003018                SPI4_IRQHandler
                0x0000000008003018                TIM1_CC_IRQHandler
                0x0000000008003018                DMA2_Stream5_IRQHandler
                0x0000000008003018                DMA1_Stream5_IRQHandler
                0x0000000008003018                PVD_IRQHandler
                0x0000000008003018                SDIO_IRQHandler
                0x0000000008003018                TAMP_STAMP_IRQHandler
                0x0000000008003018                TIM1_UP_TIM10_IRQHandler
                0x0000000008003018                I2C3_ER_IRQHandler
                0x0000000008003018                I2C2_EV_IRQHandler
                0x0000000008003018                DMA1_Stream2_IRQHandler
                0x0000000008003018                FPU_IRQHandler
                0x0000000008003018                DMA2_Stream2_IRQHandler
                0x0000000008003018                SPI1_IRQHandler
                0x0000000008003018                TIM1_BRK_TIM9_IRQHandler
                0x0000000008003018                DMA2_Stream3_IRQHandler
                0x0000000008003018                USART6_IRQHandler
                0x0000000008003018                TIM4_IRQHandler
                0x0000000008003018                I2C1_EV_IRQHandler
                0x0000000008003018                DMA1_Stream6_IRQHandler
                0x0000000008003018                DMA1_Stream1_IRQHandler
                0x0000000008003018                TIM3_IRQHandler
                0x0000000008003018                RCC_IRQHandler
                0x0000000008003018                Default_Handler
                0x0000000008003018                EXTI15_10_IRQHandler
                0x0000000008003018                ADC_IRQHandler
                0x0000000008003018                DMA1_Stream7_IRQHandler
                0x0000000008003018                SPI5_IRQHandler
                0x0000000008003018                DMA2_Stream7_IRQHandler
                0x0000000008003018                I2C3_EV_IRQHandler
                0x0000000008003018                RTC_WKUP_IRQHandler
                0x0000000008003018                SPI2_IRQHandler
                0x0000000008003018                DMA1_Stream0_IRQHandler
                0x0000000008003018                WWDG_IRQHandler
                0x0000000008003018                TIM2_IRQHandler
                0x0000000008003018                OTG_FS_WKUP_IRQHandler
                0x0000000008003018                TIM1_TRG_COM_TIM11_IRQHandler
                0x0000000008003018                USART2_IRQHandler
                0x0000000008003018                I2C2_ER_IRQHandler
                0x0000000008003018                DMA2_Stream1_IRQHandler
                0x0000000008003018                FLASH_IRQHandler
                0x0000000008003018                DMA2_Stream4_IRQHandler
                0x0000000008003018                USART1_IRQHandler
                0x0000000008003018                OTG_FS_IRQHandler
                0x0000000008003018                SPI3_IRQHandler
                0x0000000008003018                DMA1_Stream4_IRQHandler
                0x0000000008003018                I2C1_ER_IRQHandler
                0x0000000008003018                DMA2_Stream6_IRQHandler
                0x0000000008003018                DMA1_Stream3_IRQHandler
 *fill*         0x000000000800301a        0x2 
 .text.HAL_Init
                0x000000000800301c       0x44 ./Drivers/STM32F4xx_HAL_Driver/Src/stm32f4xx_hal.o
                0x000000000800301c                HAL_Init
 .text.HAL_IncTick
                0x0000000008003060       0x28 ./Drivers/STM32F4xx_HAL_Driver/Src/stm32f4xx_hal.o
                0x0000000008003060                HAL_IncTick
 .text.HAL_GetTick
                0x0000000008003088       0x18 ./Drivers/STM32F4xx_HAL_Driver/Src/stm32f4xx_hal.o
                0x0000000008003088                HAL_GetTick
 .text.HAL_Delay
                0x00000000080030a0       0x48 ./Drivers/STM32F4xx_HAL_Driver/Src/stm32f4xx_hal.o
                0x00000000080030a0                HAL_Delay
 .text.HAL_ADC_Init
                0x00000000080030e8       0x86 ./Drivers/STM32F4xx_HAL_Driver/Src/stm32f4xx_hal_adc.o
                0x00000000080030e8                HAL_ADC_Init
 *fill*         0x000000000800316e        0x2 
 .text.HAL_ADC_Start_DMA
                0x0000000008003170      0x1e0 ./Drivers/STM32F4xx_HAL_Driver/Src/stm32f4xx_hal_adc.o
                0x0000000008003170                HAL_ADC_Start_DMA
 .text.HAL_ADC_ConvCpltCallback
                0x0000000008003350       0x14 ./Drivers/STM32F4xx_HAL_Driver/Src/stm32f4xx_hal_adc.o
                0x0000000008003350                HAL_ADC_ConvCpltCallback
 .text.HAL_ADC_ConvHalfCpltCallback
                0x0000000008003364       0x14 ./Drivers/STM32F4xx_HAL_Driver/Src/stm32f4xx_hal_adc.o
                0x0000000008003364                HAL_ADC_ConvHalfCpltCallback
 .text.HAL_ADC_ErrorCallback
                0x0000000008003378       0x14 ./Drivers/STM32F4xx_HAL_Driver/Src/stm32f4xx_hal_adc.o
                0x0000000008003378                HAL_ADC_ErrorCallback
 .text.HAL_ADC_ConfigChannel
                0x000000000800338c      0x264 ./Drivers/STM32F4xx_HAL_Driver/Src/stm32f4xx_hal_adc.o
                0x000000000800338c                HAL_ADC_ConfigChannel
 .text.ADC_Init
                0x00000000080035f0      0x1f8 ./Drivers/STM32F4xx_HAL_Driver/Src/stm32f4xx_hal_adc.o
 .text.ADC_DMAConvCplt
                0x00000000080037e8       0xba ./Drivers/STM32F4xx_HAL_Driver/Src/stm32f4xx_hal_adc.o
 .text.ADC_DMAHalfConvCplt
                0x00000000080038a2       0x1c ./Drivers/STM32F4xx_HAL_Driver/Src/stm32f4xx_hal_adc.o
 .text.ADC_DMAError
                0x00000000080038be       0x2e ./Drivers/STM32F4xx_HAL_Driver/Src/stm32f4xx_hal_adc.o
 .text.__NVIC_SetPriorityGrouping
                0x00000000080038ec       0x48 ./Drivers/STM32F4xx_HAL_Driver/Src/stm32f4xx_hal_cortex.o
 .text.__NVIC_GetPriorityGrouping
                0x0000000008003934       0x1c ./Drivers/STM32F4xx_HAL_Driver/Src/stm32f4xx_hal_cortex.o
 .text.__NVIC_EnableIRQ
                0x0000000008003950       0x3c ./Drivers/STM32F4xx_HAL_Driver/Src/stm32f4xx_hal_cortex.o
 .text.__NVIC_SetPriority
                0x000000000800398c       0x54 ./Drivers/STM32F4xx_HAL_Driver/Src/stm32f4xx_hal_cortex.o
 .text.NVIC_EncodePriority
                0x00000000080039e0       0x66 ./Drivers/STM32F4xx_HAL_Driver/Src/stm32f4xx_hal_cortex.o
 .text.HAL_NVIC_SetPriorityGrouping
                0x0000000008003a46       0x16 ./Drivers/STM32F4xx_HAL_Driver/Src/stm32f4xx_hal_cortex.o
                0x0000000008003a46                HAL_NVIC_SetPriorityGrouping
 .text.HAL_NVIC_SetPriority
                0x0000000008003a5c       0x38 ./Drivers/STM32F4xx_HAL_Driver/Src/stm32f4xx_hal_cortex.o
                0x0000000008003a5c                HAL_NVIC_SetPriority
 .text.HAL_NVIC_EnableIRQ
                0x0000000008003a94       0x1c ./Drivers/STM32F4xx_HAL_Driver/Src/stm32f4xx_hal_cortex.o
                0x0000000008003a94                HAL_NVIC_EnableIRQ
 .text.HAL_DMA_Init
                0x0000000008003ab0      0x15c ./Drivers/STM32F4xx_HAL_Driver/Src/stm32f4xx_hal_dma.o
                0x0000000008003ab0                HAL_DMA_Init
 .text.HAL_DMA_Start_IT
                0x0000000008003c0c       0xb0 ./Drivers/STM32F4xx_HAL_Driver/Src/stm32f4xx_hal_dma.o
                0x0000000008003c0c                HAL_DMA_Start_IT
 .text.HAL_DMA_IRQHandler
                0x0000000008003cbc      0x314 ./Drivers/STM32F4xx_HAL_Driver/Src/stm32f4xx_hal_dma.o
                0x0000000008003cbc                HAL_DMA_IRQHandler
 .text.DMA_SetConfig
                0x0000000008003fd0       0x5c ./Drivers/STM32F4xx_HAL_Driver/Src/stm32f4xx_hal_dma.o
 .text.DMA_CalcBaseAndBitshift
                0x000000000800402c       0x6c ./Drivers/STM32F4xx_HAL_Driver/Src/stm32f4xx_hal_dma.o
 .text.DMA_CheckFifoParam
                0x0000000008004098       0xf8 ./Drivers/STM32F4xx_HAL_Driver/Src/stm32f4xx_hal_dma.o
 .text.HAL_GPIO_Init
                0x0000000008004190      0x308 ./Drivers/STM32F4xx_HAL_Driver/Src/stm32f4xx_hal_gpio.o
                0x0000000008004190                HAL_GPIO_Init
 .text.HAL_GPIO_ReadPin
                0x0000000008004498       0x30 ./Drivers/STM32F4xx_HAL_Driver/Src/stm32f4xx_hal_gpio.o
                0x0000000008004498                HAL_GPIO_ReadPin
 .text.HAL_GPIO_WritePin
                0x00000000080044c8       0x32 ./Drivers/STM32F4xx_HAL_Driver/Src/stm32f4xx_hal_gpio.o
                0x00000000080044c8                HAL_GPIO_WritePin
 .text.HAL_GPIO_TogglePin
                0x00000000080044fa       0x34 ./Drivers/STM32F4xx_HAL_Driver/Src/stm32f4xx_hal_gpio.o
                0x00000000080044fa                HAL_GPIO_TogglePin
 *fill*         0x000000000800452e        0x2 
 .text.HAL_GPIO_EXTI_IRQHandler
                0x0000000008004530       0x30 ./Drivers/STM32F4xx_HAL_Driver/Src/stm32f4xx_hal_gpio.o
                0x0000000008004530                HAL_GPIO_EXTI_IRQHandler
 .text.HAL_I2C_Init
                0x0000000008004560      0x288 ./Drivers/STM32F4xx_HAL_Driver/Src/stm32f4xx_hal_i2c.o
                0x0000000008004560                HAL_I2C_Init
 .text.HAL_RCC_OscConfig
                0x00000000080047e8      0x4f0 ./Drivers/STM32F4xx_HAL_Driver/Src/stm32f4xx_hal_rcc.o
                0x00000000080047e8                HAL_RCC_OscConfig
 .text.HAL_RCC_ClockConfig
                0x0000000008004cd8      0x1cc ./Drivers/STM32F4xx_HAL_Driver/Src/stm32f4xx_hal_rcc.o
                0x0000000008004cd8                HAL_RCC_ClockConfig
 .text.HAL_RCC_GetSysClockFreq
                0x0000000008004ea4      0x1c4 ./Drivers/STM32F4xx_HAL_Driver/Src/stm32f4xx_hal_rcc.o
                0x0000000008004ea4                HAL_RCC_GetSysClockFreq
 .text.HAL_RCC_GetHCLKFreq
                0x0000000008005068       0x18 ./Drivers/STM32F4xx_HAL_Driver/Src/stm32f4xx_hal_rcc.o
                0x0000000008005068                HAL_RCC_GetHCLKFreq
 .text.HAL_RCC_GetPCLK1Freq
                0x0000000008005080       0x28 ./Drivers/STM32F4xx_HAL_Driver/Src/stm32f4xx_hal_rcc.o
                0x0000000008005080                HAL_RCC_GetPCLK1Freq
 .text.HAL_RCC_GetPCLK2Freq
                0x00000000080050a8       0x28 ./Drivers/STM32F4xx_HAL_Driver/Src/stm32f4xx_hal_rcc.o
                0x00000000080050a8                HAL_RCC_GetPCLK2Freq
 .text.HAL_RCC_GetClockConfig
                0x00000000080050d0       0x64 ./Drivers/STM32F4xx_HAL_Driver/Src/stm32f4xx_hal_rcc.o
                0x00000000080050d0                HAL_RCC_GetClockConfig
 .text.HAL_TIM_Base_Init
                0x0000000008005134       0x9e ./Drivers/STM32F4xx_HAL_Driver/Src/stm32f4xx_hal_tim.o
                0x0000000008005134                HAL_TIM_Base_Init
 .text.HAL_TIM_Base_MspInit
                0x00000000080051d2       0x14 ./Drivers/STM32F4xx_HAL_Driver/Src/stm32f4xx_hal_tim.o
                0x00000000080051d2                HAL_TIM_Base_MspInit
 *fill*         0x00000000080051e6        0x2 
 .text.HAL_TIM_Base_Start_IT
                0x00000000080051e8       0xc4 ./Drivers/STM32F4xx_HAL_Driver/Src/stm32f4xx_hal_tim.o
                0x00000000080051e8                HAL_TIM_Base_Start_IT
 .text.HAL_TIM_PWM_Init
                0x00000000080052ac       0x9e ./Drivers/STM32F4xx_HAL_Driver/Src/stm32f4xx_hal_tim.o
                0x00000000080052ac                HAL_TIM_PWM_Init
 *fill*         0x000000000800534a        0x2 
 .text.HAL_TIM_PWM_Start
                0x000000000800534c      0x160 ./Drivers/STM32F4xx_HAL_Driver/Src/stm32f4xx_hal_tim.o
                0x000000000800534c                HAL_TIM_PWM_Start
 .text.HAL_TIM_PWM_Stop
                0x00000000080054ac       0xc8 ./Drivers/STM32F4xx_HAL_Driver/Src/stm32f4xx_hal_tim.o
                0x00000000080054ac                HAL_TIM_PWM_Stop
 .text.HAL_TIM_IRQHandler
                0x0000000008005574      0x210 ./Drivers/STM32F4xx_HAL_Driver/Src/stm32f4xx_hal_tim.o
                0x0000000008005574                HAL_TIM_IRQHandler
 .text.HAL_TIM_PWM_ConfigChannel
                0x0000000008005784      0x184 ./Drivers/STM32F4xx_HAL_Driver/Src/stm32f4xx_hal_tim.o
                0x0000000008005784                HAL_TIM_PWM_ConfigChannel
 .text.HAL_TIM_OC_DelayElapsedCallback
                0x0000000008005908       0x14 ./Drivers/STM32F4xx_HAL_Driver/Src/stm32f4xx_hal_tim.o
                0x0000000008005908                HAL_TIM_OC_DelayElapsedCallback
 .text.HAL_TIM_IC_CaptureCallback
                0x000000000800591c       0x14 ./Drivers/STM32F4xx_HAL_Driver/Src/stm32f4xx_hal_tim.o
                0x000000000800591c                HAL_TIM_IC_CaptureCallback
 .text.HAL_TIM_PWM_PulseFinishedCallback
                0x0000000008005930       0x14 ./Drivers/STM32F4xx_HAL_Driver/Src/stm32f4xx_hal_tim.o
                0x0000000008005930                HAL_TIM_PWM_PulseFinishedCallback
 .text.HAL_TIM_TriggerCallback
                0x0000000008005944       0x14 ./Drivers/STM32F4xx_HAL_Driver/Src/stm32f4xx_hal_tim.o
                0x0000000008005944                HAL_TIM_TriggerCallback
 .text.TIM_Base_SetConfig
                0x0000000008005958      0x100 ./Drivers/STM32F4xx_HAL_Driver/Src/stm32f4xx_hal_tim.o
                0x0000000008005958                TIM_Base_SetConfig
 .text.TIM_OC1_SetConfig
                0x0000000008005a58       0xcc ./Drivers/STM32F4xx_HAL_Driver/Src/stm32f4xx_hal_tim.o
 .text.TIM_OC2_SetConfig
                0x0000000008005b24       0xd8 ./Drivers/STM32F4xx_HAL_Driver/Src/stm32f4xx_hal_tim.o
                0x0000000008005b24                TIM_OC2_SetConfig
 .text.TIM_OC3_SetConfig
                0x0000000008005bfc       0xd4 ./Drivers/STM32F4xx_HAL_Driver/Src/stm32f4xx_hal_tim.o
 .text.TIM_OC4_SetConfig
                0x0000000008005cd0       0xa0 ./Drivers/STM32F4xx_HAL_Driver/Src/stm32f4xx_hal_tim.o
 .text.TIM_CCxChannelCmd
                0x0000000008005d70       0x4a ./Drivers/STM32F4xx_HAL_Driver/Src/stm32f4xx_hal_tim.o
                0x0000000008005d70                TIM_CCxChannelCmd
 *fill*         0x0000000008005dba        0x2 
 .text.HAL_TIMEx_MasterConfigSynchronization
                0x0000000008005dbc       0xdc ./Drivers/STM32F4xx_HAL_Driver/Src/stm32f4xx_hal_tim_ex.o
                0x0000000008005dbc                HAL_TIMEx_MasterConfigSynchronization
 .text.HAL_TIMEx_ConfigBreakDeadTime
                0x0000000008005e98       0xa4 ./Drivers/STM32F4xx_HAL_Driver/Src/stm32f4xx_hal_tim_ex.o
                0x0000000008005e98                HAL_TIMEx_ConfigBreakDeadTime
 .text.HAL_TIMEx_CommutCallback
                0x0000000008005f3c       0x14 ./Drivers/STM32F4xx_HAL_Driver/Src/stm32f4xx_hal_tim_ex.o
                0x0000000008005f3c                HAL_TIMEx_CommutCallback
 .text.HAL_TIMEx_BreakCallback
                0x0000000008005f50       0x14 ./Drivers/STM32F4xx_HAL_Driver/Src/stm32f4xx_hal_tim_ex.o
                0x0000000008005f50                HAL_TIMEx_BreakCallback
 .text.HAL_UART_Init
                0x0000000008005f64       0x9a ./Drivers/STM32F4xx_HAL_Driver/Src/stm32f4xx_hal_uart.o
                0x0000000008005f64                HAL_UART_Init
 .text.HAL_UART_Transmit
                0x0000000008005ffe      0x124 ./Drivers/STM32F4xx_HAL_Driver/Src/stm32f4xx_hal_uart.o
                0x0000000008005ffe                HAL_UART_Transmit
 .text.UART_WaitOnFlagUntilTimeout
                0x0000000008006122       0xdc ./Drivers/STM32F4xx_HAL_Driver/Src/stm32f4xx_hal_uart.o
 *fill*         0x00000000080061fe        0x2 
 .text.UART_SetConfig
                0x0000000008006200      0x390 ./Drivers/STM32F4xx_HAL_Driver/Src/stm32f4xx_hal_uart.o
 .text.vListInitialise
                0x0000000008006590       0x40 ./ThirdParty/FreeRTOS/list.o
                0x0000000008006590                vListInitialise
 .text.vListInitialiseItem
                0x00000000080065d0       0x1a ./ThirdParty/FreeRTOS/list.o
                0x00000000080065d0                vListInitialiseItem
 .text.vListInsertEnd
                0x00000000080065ea       0x48 ./ThirdParty/FreeRTOS/list.o
                0x00000000080065ea                vListInsertEnd
 .text.vListInsert
                0x0000000008006632       0x72 ./ThirdParty/FreeRTOS/list.o
                0x0000000008006632                vListInsert
 .text.uxListRemove
                0x00000000080066a4       0x54 ./ThirdParty/FreeRTOS/list.o
                0x00000000080066a4                uxListRemove
 .text.xQueueGenericReset
                0x00000000080066f8       0xd0 ./ThirdParty/FreeRTOS/queue.o
                0x00000000080066f8                xQueueGenericReset
 .text.xQueueGenericCreate
                0x00000000080067c8       0xbe ./ThirdParty/FreeRTOS/queue.o
                0x00000000080067c8                xQueueGenericCreate
 .text.prvInitialiseNewQueue
                0x0000000008006886       0x52 ./ThirdParty/FreeRTOS/queue.o
 .text.xQueueGenericSend
                0x00000000080068d8      0x24c ./ThirdParty/FreeRTOS/queue.o
                0x00000000080068d8                xQueueGenericSend
 .text.xQueueGenericSendFromISR
                0x0000000008006b24      0x17c ./ThirdParty/FreeRTOS/queue.o
                0x0000000008006b24                xQueueGenericSendFromISR
 .text.xQueueReceive
                0x0000000008006ca0      0x220 ./ThirdParty/FreeRTOS/queue.o
                0x0000000008006ca0                xQueueReceive
 .text.prvCopyDataToQueue
                0x0000000008006ec0       0xd4 ./ThirdParty/FreeRTOS/queue.o
 .text.prvCopyDataFromQueue
                0x0000000008006f94       0x4c ./ThirdParty/FreeRTOS/queue.o
 .text.prvUnlockQueue
                0x0000000008006fe0       0xa4 ./ThirdParty/FreeRTOS/queue.o
 .text.prvIsQueueEmpty
                0x0000000008007084       0x2c ./ThirdParty/FreeRTOS/queue.o
 .text.prvIsQueueFull
                0x00000000080070b0       0x30 ./ThirdParty/FreeRTOS/queue.o
 .text.vQueueAddToRegistry
                0x00000000080070e0       0x64 ./ThirdParty/FreeRTOS/queue.o
                0x00000000080070e0                vQueueAddToRegistry
 .text.vQueueWaitForMessageRestricted
                0x0000000008007144       0x68 ./ThirdParty/FreeRTOS/queue.o
                0x0000000008007144                vQueueWaitForMessageRestricted
 .text.xTaskCreate
                0x00000000080071ac       0x82 ./ThirdParty/FreeRTOS/tasks.o
                0x00000000080071ac                xTaskCreate
 .text.prvInitialiseNewTask
                0x000000000800722e      0x12c ./ThirdParty/FreeRTOS/tasks.o
 *fill*         0x000000000800735a        0x2 
 .text.prvAddNewTaskToReadyList
                0x000000000800735c      0x118 ./ThirdParty/FreeRTOS/tasks.o
 .text.xTaskDelayUntil
                0x0000000008007474      0x104 ./ThirdParty/FreeRTOS/tasks.o
                0x0000000008007474                xTaskDelayUntil
 .text.vTaskDelay
                0x0000000008007578       0x70 ./ThirdParty/FreeRTOS/tasks.o
                0x0000000008007578                vTaskDelay
 .text.vTaskStartScheduler
                0x00000000080075e8       0xc4 ./ThirdParty/FreeRTOS/tasks.o
                0x00000000080075e8                vTaskStartScheduler
 .text.vTaskSuspendAll
                0x00000000080076ac       0x1c ./ThirdParty/FreeRTOS/tasks.o
                0x00000000080076ac                vTaskSuspendAll
 .text.xTaskResumeAll
                0x00000000080076c8      0x140 ./ThirdParty/FreeRTOS/tasks.o
                0x00000000080076c8                xTaskResumeAll
 .text.xTaskGetTickCount
                0x0000000008007808       0x20 ./ThirdParty/FreeRTOS/tasks.o
                0x0000000008007808                xTaskGetTickCount
 .text.xTaskGetTickCountFromISR
                0x0000000008007828       0x24 ./ThirdParty/FreeRTOS/tasks.o
                0x0000000008007828                xTaskGetTickCountFromISR
 .text.xTaskIncrementTick
                0x000000000800784c      0x178 ./ThirdParty/FreeRTOS/tasks.o
                0x000000000800784c                xTaskIncrementTick
 .text.vTaskSwitchContext
                0x00000000080079c4       0xd4 ./ThirdParty/FreeRTOS/tasks.o
                0x00000000080079c4                vTaskSwitchContext
 .text.vTaskPlaceOnEventList
                0x0000000008007a98       0x48 ./ThirdParty/FreeRTOS/tasks.o
                0x0000000008007a98                vTaskPlaceOnEventList
 .text.vTaskPlaceOnEventListRestricted
                0x0000000008007ae0       0x5c ./ThirdParty/FreeRTOS/tasks.o
                0x0000000008007ae0                vTaskPlaceOnEventListRestricted
 .text.xTaskRemoveFromEventList
                0x0000000008007b3c       0xcc ./ThirdParty/FreeRTOS/tasks.o
                0x0000000008007b3c                xTaskRemoveFromEventList
 .text.vTaskInternalSetTimeOutState
                0x0000000008007c08       0x2c ./ThirdParty/FreeRTOS/tasks.o
                0x0000000008007c08                vTaskInternalSetTimeOutState
 .text.xTaskCheckForTimeOut
                0x0000000008007c34       0xcc ./ThirdParty/FreeRTOS/tasks.o
                0x0000000008007c34                xTaskCheckForTimeOut
 .text.vTaskMissedYield
                0x0000000008007d00       0x18 ./ThirdParty/FreeRTOS/tasks.o
                0x0000000008007d00                vTaskMissedYield
 .text.prvIdleTask
                0x0000000008007d18       0x30 ./ThirdParty/FreeRTOS/tasks.o
 .text.prvInitialiseTaskLists
                0x0000000008007d48       0x80 ./ThirdParty/FreeRTOS/tasks.o
 .text.prvCheckTasksWaitingTermination
                0x0000000008007dc8       0x5c ./ThirdParty/FreeRTOS/tasks.o
 .text.prvDeleteTCB
                0x0000000008007e24       0x20 ./ThirdParty/FreeRTOS/tasks.o
 .text.prvResetNextTaskUnblockTime
                0x0000000008007e44       0x38 ./ThirdParty/FreeRTOS/tasks.o
 .text.xTaskGetSchedulerState
                0x0000000008007e7c       0x3c ./ThirdParty/FreeRTOS/tasks.o
                0x0000000008007e7c                xTaskGetSchedulerState
 .text.xTaskPriorityDisinherit
                0x0000000008007eb8      0x100 ./ThirdParty/FreeRTOS/tasks.o
                0x0000000008007eb8                xTaskPriorityDisinherit
 .text.prvAddCurrentTaskToDelayedList
                0x0000000008007fb8       0xf0 ./ThirdParty/FreeRTOS/tasks.o
 .text.xTimerCreateTimerTask
                0x00000000080080a8       0x64 ./ThirdParty/FreeRTOS/timers.o
                0x00000000080080a8                xTimerCreateTimerTask
 .text.xTimerCreate
                0x000000000800810c       0x42 ./ThirdParty/FreeRTOS/timers.o
                0x000000000800810c                xTimerCreate
 .text.prvInitialiseNewTimer
                0x000000000800814e       0x76 ./ThirdParty/FreeRTOS/timers.o
 .text.xTimerGenericCommand
                0x00000000080081c4       0x9c ./ThirdParty/FreeRTOS/timers.o
                0x00000000080081c4                xTimerGenericCommand
 .text.prvProcessExpiredTimer
                0x0000000008008260       0x98 ./ThirdParty/FreeRTOS/timers.o
 .text.prvTimerTask
                0x00000000080082f8       0x24 ./ThirdParty/FreeRTOS/timers.o
 .text.prvProcessTimerOrBlockTask
                0x000000000800831c       0x9c ./ThirdParty/FreeRTOS/timers.o
 .text.prvGetNextExpireTime
                0x00000000080083b8       0x48 ./ThirdParty/FreeRTOS/timers.o
 .text.prvSampleTimeNow
                0x0000000008008400       0x40 ./ThirdParty/FreeRTOS/timers.o
 .text.prvInsertTimerInActiveList
                0x0000000008008440       0x84 ./ThirdParty/FreeRTOS/timers.o
 .text.prvProcessReceivedCommands
                0x00000000080084c4      0x18c ./ThirdParty/FreeRTOS/timers.o
 .text.prvSwitchTimerLists
                0x0000000008008650       0xc8 ./ThirdParty/FreeRTOS/timers.o
 .text.prvCheckForValidListAndQueue
                0x0000000008008718       0x6c ./ThirdParty/FreeRTOS/timers.o
 .text.pxPortInitialiseStack
                0x0000000008008784       0x68 ./ThirdParty/FreeRTOS/portable/GCC/ARM_CM4F/port.o
                0x0000000008008784                pxPortInitialiseStack
 .text.prvTaskExitError
                0x00000000080087ec       0x58 ./ThirdParty/FreeRTOS/portable/GCC/ARM_CM4F/port.o
 *fill*         0x0000000008008844        0xc 
 .text.SVC_Handler
                0x0000000008008850       0x28 ./ThirdParty/FreeRTOS/portable/GCC/ARM_CM4F/port.o
                0x0000000008008850                SVC_Handler
 .text.prvPortStartFirstTask
                0x0000000008008878       0x2c ./ThirdParty/FreeRTOS/portable/GCC/ARM_CM4F/port.o
 .text.xPortStartScheduler
                0x00000000080088a4      0x144 ./ThirdParty/FreeRTOS/portable/GCC/ARM_CM4F/port.o
                0x00000000080088a4                xPortStartScheduler
 .text.vPortEnterCritical
                0x00000000080089e8       0x60 ./ThirdParty/FreeRTOS/portable/GCC/ARM_CM4F/port.o
                0x00000000080089e8                vPortEnterCritical
 .text.vPortExitCritical
                0x0000000008008a48       0x54 ./ThirdParty/FreeRTOS/portable/GCC/ARM_CM4F/port.o
                0x0000000008008a48                vPortExitCritical
 *fill*         0x0000000008008a9c        0x4 
 .text.PendSV_Handler
                0x0000000008008aa0       0x68 ./ThirdParty/FreeRTOS/portable/GCC/ARM_CM4F/port.o
                0x0000000008008aa0                PendSV_Handler
 .text.SysTick_Handler
                0x0000000008008b08       0x54 ./ThirdParty/FreeRTOS/portable/GCC/ARM_CM4F/port.o
                0x0000000008008b08                SysTick_Handler
 .text.vPortSetupTimerInterrupt
                0x0000000008008b5c       0x48 ./ThirdParty/FreeRTOS/portable/GCC/ARM_CM4F/port.o
                0x0000000008008b5c                vPortSetupTimerInterrupt
 .text.vPortEnableVFP
                0x0000000008008ba4       0x18 ./ThirdParty/FreeRTOS/portable/GCC/ARM_CM4F/port.o
 .text.vPortValidateInterruptPriority
                0x0000000008008bbc       0x80 ./ThirdParty/FreeRTOS/portable/GCC/ARM_CM4F/port.o
                0x0000000008008bbc                vPortValidateInterruptPriority
 .text.vSetVarulMaxPRIGROUPValue
                0x0000000008008c3c       0x8c ./ThirdParty/FreeRTOS/portable/GCC/ARM_CM4F/port.o
                0x0000000008008c3c                vSetVarulMaxPRIGROUPValue
 .text.pvPortMalloc
                0x0000000008008cc8      0x1c0 ./ThirdParty/FreeRTOS/portable/MemMang/heap_4.o
                0x0000000008008cc8                pvPortMalloc
 .text.vPortFree
                0x0000000008008e88       0xc4 ./ThirdParty/FreeRTOS/portable/MemMang/heap_4.o
                0x0000000008008e88                vPortFree
 .text.prvHeapInit
                0x0000000008008f4c       0xc4 ./ThirdParty/FreeRTOS/portable/MemMang/heap_4.o
 .text.prvInsertBlockIntoFreeList
                0x0000000008009010       0xb4 ./ThirdParty/FreeRTOS/portable/MemMang/heap_4.o
 .text._cbSendSystemDesc
                0x00000000080090c4       0x1c ./ThirdParty/SEGGER/Config/SEGGER_SYSVIEW_Config_FreeRTOS.o
 .text.SEGGER_SYSVIEW_Conf
                0x00000000080090e0       0x2c ./ThirdParty/SEGGER/Config/SEGGER_SYSVIEW_Config_FreeRTOS.o
                0x00000000080090e0                SEGGER_SYSVIEW_Conf
 .text._cbSendTaskList
                0x000000000800910c       0x90 ./ThirdParty/SEGGER/OS/SEGGER_SYSVIEW_FreeRTOS.o
 .text._cbGetTime
                0x000000000800919c       0xae ./ThirdParty/SEGGER/OS/SEGGER_SYSVIEW_FreeRTOS.o
 *fill*         0x000000000800924a        0x2 
 .text.SYSVIEW_AddTask
                0x000000000800924c       0xd0 ./ThirdParty/SEGGER/OS/SEGGER_SYSVIEW_FreeRTOS.o
                0x000000000800924c                SYSVIEW_AddTask
 .text.SYSVIEW_SendTaskInfo
                0x000000000800931c       0x42 ./ThirdParty/SEGGER/OS/SEGGER_SYSVIEW_FreeRTOS.o
                0x000000000800931c                SYSVIEW_SendTaskInfo
 *fill*         0x000000000800935e        0x2 
 .text._DoInit  0x0000000008009360       0xb0 ./ThirdParty/SEGGER/SEGGER/SEGGER_RTT.o
 .text._WriteBlocking
                0x0000000008009410       0xba ./ThirdParty/SEGGER/SEGGER/SEGGER_RTT.o
 .text._WriteNoCheck
                0x00000000080094ca       0x90 ./ThirdParty/SEGGER/SEGGER/SEGGER_RTT.o
 .text._GetAvailWriteSpace
                0x000000000800955a       0x46 ./ThirdParty/SEGGER/SEGGER/SEGGER_RTT.o
 .text.SEGGER_RTT_ReadNoLock
                0x00000000080095a0      0x10c ./ThirdParty/SEGGER/SEGGER/SEGGER_RTT.o
                0x00000000080095a0                SEGGER_RTT_ReadNoLock
 .text.SEGGER_RTT_WriteNoLock
                0x00000000080096ac       0xa0 ./ThirdParty/SEGGER/SEGGER/SEGGER_RTT.o
                0x00000000080096ac                SEGGER_RTT_WriteNoLock
 .text.SEGGER_RTT_Write
                0x000000000800974c       0x4c ./ThirdParty/SEGGER/SEGGER/SEGGER_RTT.o
                0x000000000800974c                SEGGER_RTT_Write
 .text.SEGGER_RTT_AllocUpBuffer
                0x0000000008009798      0x108 ./ThirdParty/SEGGER/SEGGER/SEGGER_RTT.o
                0x0000000008009798                SEGGER_RTT_AllocUpBuffer
 .text.SEGGER_RTT_ConfigDownBuffer
                0x00000000080098a0       0xe0 ./ThirdParty/SEGGER/SEGGER/SEGGER_RTT.o
                0x00000000080098a0                SEGGER_RTT_ConfigDownBuffer
 .text._EncodeStr
                0x0000000008009980       0x9a ./ThirdParty/SEGGER/SEGGER/SEGGER_SYSVIEW.o
 .text._PreparePacket
                0x0000000008009a1a       0x18 ./ThirdParty/SEGGER/SEGGER/SEGGER_SYSVIEW.o
 *fill*         0x0000000008009a32        0x2 
 .text._HandleIncomingPacket
                0x0000000008009a34       0xe4 ./ThirdParty/SEGGER/SEGGER/SEGGER_SYSVIEW.o
 .text._TrySendOverflowPacket
                0x0000000008009b18       0xe4 ./ThirdParty/SEGGER/SEGGER/SEGGER_SYSVIEW.o
 .text._SendPacket
                0x0000000008009bfc      0x1cc ./ThirdParty/SEGGER/SEGGER/SEGGER_SYSVIEW.o
 .text.SEGGER_SYSVIEW_Init
                0x0000000008009dc8       0x88 ./ThirdParty/SEGGER/SEGGER/SEGGER_SYSVIEW.o
                0x0000000008009dc8                SEGGER_SYSVIEW_Init
 .text.SEGGER_SYSVIEW_SetRAMBase
                0x0000000008009e50       0x20 ./ThirdParty/SEGGER/SEGGER/SEGGER_SYSVIEW.o
                0x0000000008009e50                SEGGER_SYSVIEW_SetRAMBase
 .text.SEGGER_SYSVIEW_RecordVoid
                0x0000000008009e70       0x3c ./ThirdParty/SEGGER/SEGGER/SEGGER_SYSVIEW.o
                0x0000000008009e70                SEGGER_SYSVIEW_RecordVoid
 .text.SEGGER_SYSVIEW_RecordU32
                0x0000000008009eac       0x78 ./ThirdParty/SEGGER/SEGGER/SEGGER_SYSVIEW.o
                0x0000000008009eac                SEGGER_SYSVIEW_RecordU32
 .text.SEGGER_SYSVIEW_RecordU32x2
                0x0000000008009f24       0xb4 ./ThirdParty/SEGGER/SEGGER/SEGGER_SYSVIEW.o
                0x0000000008009f24                SEGGER_SYSVIEW_RecordU32x2
 .text.SEGGER_SYSVIEW_RecordU32x3
                0x0000000008009fd8       0xec ./ThirdParty/SEGGER/SEGGER/SEGGER_SYSVIEW.o
                0x0000000008009fd8                SEGGER_SYSVIEW_RecordU32x3
 .text.SEGGER_SYSVIEW_RecordU32x4
                0x000000000800a0c4      0x124 ./ThirdParty/SEGGER/SEGGER/SEGGER_SYSVIEW.o
                0x000000000800a0c4                SEGGER_SYSVIEW_RecordU32x4
 .text.SEGGER_SYSVIEW_Start
                0x000000000800a1e8      0x174 ./ThirdParty/SEGGER/SEGGER/SEGGER_SYSVIEW.o
                0x000000000800a1e8                SEGGER_SYSVIEW_Start
 .text.SEGGER_SYSVIEW_Stop
                0x000000000800a35c       0x4c ./ThirdParty/SEGGER/SEGGER/SEGGER_SYSVIEW.o
                0x000000000800a35c                SEGGER_SYSVIEW_Stop
 .text.SEGGER_SYSVIEW_GetSysDesc
                0x000000000800a3a8      0x134 ./ThirdParty/SEGGER/SEGGER/SEGGER_SYSVIEW.o
                0x000000000800a3a8                SEGGER_SYSVIEW_GetSysDesc
 .text.SEGGER_SYSVIEW_SendTaskInfo
                0x000000000800a4dc      0x1c8 ./ThirdParty/SEGGER/SEGGER/SEGGER_SYSVIEW.o
                0x000000000800a4dc                SEGGER_SYSVIEW_SendTaskInfo
 .text.SEGGER_SYSVIEW_SendTaskList
                0x000000000800a6a4       0x28 ./ThirdParty/SEGGER/SEGGER/SEGGER_SYSVIEW.o
                0x000000000800a6a4                SEGGER_SYSVIEW_SendTaskList
 .text.SEGGER_SYSVIEW_SendSysDesc
                0x000000000800a6cc       0x48 ./ThirdParty/SEGGER/SEGGER/SEGGER_SYSVIEW.o
                0x000000000800a6cc                SEGGER_SYSVIEW_SendSysDesc
 .text.SEGGER_SYSVIEW_RecordSystime
                0x000000000800a714       0x64 ./ThirdParty/SEGGER/SEGGER/SEGGER_SYSVIEW.o
                0x000000000800a714                SEGGER_SYSVIEW_RecordSystime
 .text.SEGGER_SYSVIEW_RecordEnterISR
                0x000000000800a778       0x84 ./ThirdParty/SEGGER/SEGGER/SEGGER_SYSVIEW.o
                0x000000000800a778                SEGGER_SYSVIEW_RecordEnterISR
 .text.SEGGER_SYSVIEW_RecordExitISR
                0x000000000800a7fc       0x38 ./ThirdParty/SEGGER/SEGGER/SEGGER_SYSVIEW.o
                0x000000000800a7fc                SEGGER_SYSVIEW_RecordExitISR
 .text.SEGGER_SYSVIEW_RecordExitISRToScheduler
                0x000000000800a834       0x38 ./ThirdParty/SEGGER/SEGGER/SEGGER_SYSVIEW.o
                0x000000000800a834                SEGGER_SYSVIEW_RecordExitISRToScheduler
 .text.SEGGER_SYSVIEW_OnIdle
                0x000000000800a86c       0x38 ./ThirdParty/SEGGER/SEGGER/SEGGER_SYSVIEW.o
                0x000000000800a86c                SEGGER_SYSVIEW_OnIdle
 .text.SEGGER_SYSVIEW_OnTaskCreate
                0x000000000800a8a4       0x84 ./ThirdParty/SEGGER/SEGGER/SEGGER_SYSVIEW.o
                0x000000000800a8a4                SEGGER_SYSVIEW_OnTaskCreate
 .text.SEGGER_SYSVIEW_OnTaskStartExec
                0x000000000800a928       0x84 ./ThirdParty/SEGGER/SEGGER/SEGGER_SYSVIEW.o
                0x000000000800a928                SEGGER_SYSVIEW_OnTaskStartExec
 .text.SEGGER_SYSVIEW_OnTaskStartReady
                0x000000000800a9ac       0x84 ./ThirdParty/SEGGER/SEGGER/SEGGER_SYSVIEW.o
                0x000000000800a9ac                SEGGER_SYSVIEW_OnTaskStartReady
 .text.SEGGER_SYSVIEW_OnTaskStopReady
                0x000000000800aa30       0xc0 ./ThirdParty/SEGGER/SEGGER/SEGGER_SYSVIEW.o
                0x000000000800aa30                SEGGER_SYSVIEW_OnTaskStopReady
 .text.SEGGER_SYSVIEW_ShrinkId
                0x000000000800aaf0       0x20 ./ThirdParty/SEGGER/SEGGER/SEGGER_SYSVIEW.o
                0x000000000800aaf0                SEGGER_SYSVIEW_ShrinkId
 .text.SEGGER_SYSVIEW_SendModule
                0x000000000800ab10      0x100 ./ThirdParty/SEGGER/SEGGER/SEGGER_SYSVIEW.o
                0x000000000800ab10                SEGGER_SYSVIEW_SendModule
 .text.SEGGER_SYSVIEW_SendModuleDescription
                0x000000000800ac10       0x3c ./ThirdParty/SEGGER/SEGGER/SEGGER_SYSVIEW.o
                0x000000000800ac10                SEGGER_SYSVIEW_SendModuleDescription
 .text.SEGGER_SYSVIEW_SendNumModules
                0x000000000800ac4c       0x7c ./ThirdParty/SEGGER/SEGGER/SEGGER_SYSVIEW.o
                0x000000000800ac4c                SEGGER_SYSVIEW_SendNumModules
 .text.SEGGER_SYSVIEW_Warn
                0x000000000800acc8       0xb8 ./ThirdParty/SEGGER/SEGGER/SEGGER_SYSVIEW.o
                0x000000000800acc8                SEGGER_SYSVIEW_Warn
 .text._write_r
                0x000000000800ad80       0x22 ./ThirdParty/SEGGER/SEGGER/Syscalls/SEGGER_RTT_Syscalls_GCC.o
                0x000000000800ad80                _write_r
 *fill*         0x000000000800ada2        0x2 
 .text.__errno  0x000000000800ada4        0xc c:/st/stm32cubeide_1.8.0/stm32cubeide/plugins/com.st.stm32cube.ide.mcu.externaltools.gnu-tools-for-stm32.9-2020-q2-update.win32_2.0.0.202105311346/tools/bin/../lib/gcc/arm-none-eabi/9.3.1/../../../../arm-none-eabi/lib/thumb/v7e-m+fp/hard\libc_nano.a(lib_a-errno.o)
                0x000000000800ada4                __errno
 .text.__libc_init_array
                0x000000000800adb0       0x48 c:/st/stm32cubeide_1.8.0/stm32cubeide/plugins/com.st.stm32cube.ide.mcu.externaltools.gnu-tools-for-stm32.9-2020-q2-update.win32_2.0.0.202105311346/tools/bin/../lib/gcc/arm-none-eabi/9.3.1/../../../../arm-none-eabi/lib/thumb/v7e-m+fp/hard\libc_nano.a(lib_a-init.o)
                0x000000000800adb0                __libc_init_array
 .text.malloc   0x000000000800adf8       0x10 c:/st/stm32cubeide_1.8.0/stm32cubeide/plugins/com.st.stm32cube.ide.mcu.externaltools.gnu-tools-for-stm32.9-2020-q2-update.win32_2.0.0.202105311346/tools/bin/../lib/gcc/arm-none-eabi/9.3.1/../../../../arm-none-eabi/lib/thumb/v7e-m+fp/hard\libc_nano.a(lib_a-malloc.o)
                0x000000000800adf8                malloc
 .text.memcmp   0x000000000800ae08       0x1c c:/st/stm32cubeide_1.8.0/stm32cubeide/plugins/com.st.stm32cube.ide.mcu.externaltools.gnu-tools-for-stm32.9-2020-q2-update.win32_2.0.0.202105311346/tools/bin/../lib/gcc/arm-none-eabi/9.3.1/../../../../arm-none-eabi/lib/thumb/v7e-m+fp/hard\libc_nano.a(lib_a-memcmp.o)
                0x000000000800ae08                memcmp
 .text.memcpy   0x000000000800ae24       0x1c c:/st/stm32cubeide_1.8.0/stm32cubeide/plugins/com.st.stm32cube.ide.mcu.externaltools.gnu-tools-for-stm32.9-2020-q2-update.win32_2.0.0.202105311346/tools/bin/../lib/gcc/arm-none-eabi/9.3.1/../../../../arm-none-eabi/lib/thumb/v7e-m+fp/hard\libc_nano.a(lib_a-memcpy-stub.o)
                0x000000000800ae24                memcpy
 .text.memset   0x000000000800ae40       0x10 c:/st/stm32cubeide_1.8.0/stm32cubeide/plugins/com.st.stm32cube.ide.mcu.externaltools.gnu-tools-for-stm32.9-2020-q2-update.win32_2.0.0.202105311346/tools/bin/../lib/gcc/arm-none-eabi/9.3.1/../../../../arm-none-eabi/lib/thumb/v7e-m+fp/hard\libc_nano.a(lib_a-memset.o)
                0x000000000800ae40                memset
 .text._free_r  0x000000000800ae50       0xa0 c:/st/stm32cubeide_1.8.0/stm32cubeide/plugins/com.st.stm32cube.ide.mcu.externaltools.gnu-tools-for-stm32.9-2020-q2-update.win32_2.0.0.202105311346/tools/bin/../lib/gcc/arm-none-eabi/9.3.1/../../../../arm-none-eabi/lib/thumb/v7e-m+fp/hard\libc_nano.a(lib_a-nano-freer.o)
                0x000000000800ae50                _free_r
 .text._malloc_r
                0x000000000800aef0       0xb4 c:/st/stm32cubeide_1.8.0/stm32cubeide/plugins/com.st.stm32cube.ide.mcu.externaltools.gnu-tools-for-stm32.9-2020-q2-update.win32_2.0.0.202105311346/tools/bin/../lib/gcc/arm-none-eabi/9.3.1/../../../../arm-none-eabi/lib/thumb/v7e-m+fp/hard\libc_nano.a(lib_a-nano-mallocr.o)
                0x000000000800aef0                _malloc_r
 .text._puts_r  0x000000000800afa4       0xdc c:/st/stm32cubeide_1.8.0/stm32cubeide/plugins/com.st.stm32cube.ide.mcu.externaltools.gnu-tools-for-stm32.9-2020-q2-update.win32_2.0.0.202105311346/tools/bin/../lib/gcc/arm-none-eabi/9.3.1/../../../../arm-none-eabi/lib/thumb/v7e-m+fp/hard\libc_nano.a(lib_a-puts.o)
                0x000000000800afa4                _puts_r
 .text.puts     0x000000000800b080       0x10 c:/st/stm32cubeide_1.8.0/stm32cubeide/plugins/com.st.stm32cube.ide.mcu.externaltools.gnu-tools-for-stm32.9-2020-q2-update.win32_2.0.0.202105311346/tools/bin/../lib/gcc/arm-none-eabi/9.3.1/../../../../arm-none-eabi/lib/thumb/v7e-m+fp/hard\libc_nano.a(lib_a-puts.o)
                0x000000000800b080                puts
 .text._sbrk_r  0x000000000800b090       0x20 c:/st/stm32cubeide_1.8.0/stm32cubeide/plugins/com.st.stm32cube.ide.mcu.externaltools.gnu-tools-for-stm32.9-2020-q2-update.win32_2.0.0.202105311346/tools/bin/../lib/gcc/arm-none-eabi/9.3.1/../../../../arm-none-eabi/lib/thumb/v7e-m+fp/hard\libc_nano.a(lib_a-sbrkr.o)
                0x000000000800b090                _sbrk_r
 .text.__swbuf_r
                0x000000000800b0b0       0xa4 c:/st/stm32cubeide_1.8.0/stm32cubeide/plugins/com.st.stm32cube.ide.mcu.externaltools.gnu-tools-for-stm32.9-2020-q2-update.win32_2.0.0.202105311346/tools/bin/../lib/gcc/arm-none-eabi/9.3.1/../../../../arm-none-eabi/lib/thumb/v7e-m+fp/hard\libc_nano.a(lib_a-wbuf.o)
                0x000000000800b0b0                __swbuf_r
 .text.__swsetup_r
                0x000000000800b154       0xdc c:/st/stm32cubeide_1.8.0/stm32cubeide/plugins/com.st.stm32cube.ide.mcu.externaltools.gnu-tools-for-stm32.9-2020-q2-update.win32_2.0.0.202105311346/tools/bin/../lib/gcc/arm-none-eabi/9.3.1/../../../../arm-none-eabi/lib/thumb/v7e-m+fp/hard\libc_nano.a(lib_a-wsetup.o)
                0x000000000800b154                __swsetup_r
 .text.__sflush_r
                0x000000000800b230      0x10c c:/st/stm32cubeide_1.8.0/stm32cubeide/plugins/com.st.stm32cube.ide.mcu.externaltools.gnu-tools-for-stm32.9-2020-q2-update.win32_2.0.0.202105311346/tools/bin/../lib/gcc/arm-none-eabi/9.3.1/../../../../arm-none-eabi/lib/thumb/v7e-m+fp/hard\libc_nano.a(lib_a-fflush.o)
                0x000000000800b230                __sflush_r
 .text._fflush_r
                0x000000000800b33c       0x78 c:/st/stm32cubeide_1.8.0/stm32cubeide/plugins/com.st.stm32cube.ide.mcu.externaltools.gnu-tools-for-stm32.9-2020-q2-update.win32_2.0.0.202105311346/tools/bin/../lib/gcc/arm-none-eabi/9.3.1/../../../../arm-none-eabi/lib/thumb/v7e-m+fp/hard\libc_nano.a(lib_a-fflush.o)
                0x000000000800b33c                _fflush_r
 .text.std      0x000000000800b3b4       0x48 c:/st/stm32cubeide_1.8.0/stm32cubeide/plugins/com.st.stm32cube.ide.mcu.externaltools.gnu-tools-for-stm32.9-2020-q2-update.win32_2.0.0.202105311346/tools/bin/../lib/gcc/arm-none-eabi/9.3.1/../../../../arm-none-eabi/lib/thumb/v7e-m+fp/hard\libc_nano.a(lib_a-findfp.o)
 .text._cleanup_r
                0x000000000800b3fc        0xc c:/st/stm32cubeide_1.8.0/stm32cubeide/plugins/com.st.stm32cube.ide.mcu.externaltools.gnu-tools-for-stm32.9-2020-q2-update.win32_2.0.0.202105311346/tools/bin/../lib/gcc/arm-none-eabi/9.3.1/../../../../arm-none-eabi/lib/thumb/v7e-m+fp/hard\libc_nano.a(lib_a-findfp.o)
                0x000000000800b3fc                _cleanup_r
 .text.__sfmoreglue
                0x000000000800b408       0x2c c:/st/stm32cubeide_1.8.0/stm32cubeide/plugins/com.st.stm32cube.ide.mcu.externaltools.gnu-tools-for-stm32.9-2020-q2-update.win32_2.0.0.202105311346/tools/bin/../lib/gcc/arm-none-eabi/9.3.1/../../../../arm-none-eabi/lib/thumb/v7e-m+fp/hard\libc_nano.a(lib_a-findfp.o)
                0x000000000800b408                __sfmoreglue
 .text.__sfp_lock_acquire
                0x000000000800b434        0xc c:/st/stm32cubeide_1.8.0/stm32cubeide/plugins/com.st.stm32cube.ide.mcu.externaltools.gnu-tools-for-stm32.9-2020-q2-update.win32_2.0.0.202105311346/tools/bin/../lib/gcc/arm-none-eabi/9.3.1/../../../../arm-none-eabi/lib/thumb/v7e-m+fp/hard\libc_nano.a(lib_a-findfp.o)
                0x000000000800b434                __sfp_lock_acquire
 .text.__sfp_lock_release
                0x000000000800b440        0xc c:/st/stm32cubeide_1.8.0/stm32cubeide/plugins/com.st.stm32cube.ide.mcu.externaltools.gnu-tools-for-stm32.9-2020-q2-update.win32_2.0.0.202105311346/tools/bin/../lib/gcc/arm-none-eabi/9.3.1/../../../../arm-none-eabi/lib/thumb/v7e-m+fp/hard\libc_nano.a(lib_a-findfp.o)
                0x000000000800b440                __sfp_lock_release
 .text.__sinit_lock_acquire
                0x000000000800b44c        0xc c:/st/stm32cubeide_1.8.0/stm32cubeide/plugins/com.st.stm32cube.ide.mcu.externaltools.gnu-tools-for-stm32.9-2020-q2-update.win32_2.0.0.202105311346/tools/bin/../lib/gcc/arm-none-eabi/9.3.1/../../../../arm-none-eabi/lib/thumb/v7e-m+fp/hard\libc_nano.a(lib_a-findfp.o)
                0x000000000800b44c                __sinit_lock_acquire
 .text.__sinit_lock_release
                0x000000000800b458        0xc c:/st/stm32cubeide_1.8.0/stm32cubeide/plugins/com.st.stm32cube.ide.mcu.externaltools.gnu-tools-for-stm32.9-2020-q2-update.win32_2.0.0.202105311346/tools/bin/../lib/gcc/arm-none-eabi/9.3.1/../../../../arm-none-eabi/lib/thumb/v7e-m+fp/hard\libc_nano.a(lib_a-findfp.o)
                0x000000000800b458                __sinit_lock_release
 .text.__sinit  0x000000000800b464       0x70 c:/st/stm32cubeide_1.8.0/stm32cubeide/plugins/com.st.stm32cube.ide.mcu.externaltools.gnu-tools-for-stm32.9-2020-q2-update.win32_2.0.0.202105311346/tools/bin/../lib/gcc/arm-none-eabi/9.3.1/../../../../arm-none-eabi/lib/thumb/v7e-m+fp/hard\libc_nano.a(lib_a-findfp.o)
                0x000000000800b464                __sinit
 .text.__sfp    0x000000000800b4d4       0x8c c:/st/stm32cubeide_1.8.0/stm32cubeide/plugins/com.st.stm32cube.ide.mcu.externaltools.gnu-tools-for-stm32.9-2020-q2-update.win32_2.0.0.202105311346/tools/bin/../lib/gcc/arm-none-eabi/9.3.1/../../../../arm-none-eabi/lib/thumb/v7e-m+fp/hard\libc_nano.a(lib_a-findfp.o)
                0x000000000800b4d4                __sfp
 .text._fwalk_reent
                0x000000000800b560       0x3e c:/st/stm32cubeide_1.8.0/stm32cubeide/plugins/com.st.stm32cube.ide.mcu.externaltools.gnu-tools-for-stm32.9-2020-q2-update.win32_2.0.0.202105311346/tools/bin/../lib/gcc/arm-none-eabi/9.3.1/../../../../arm-none-eabi/lib/thumb/v7e-m+fp/hard\libc_nano.a(lib_a-fwalk.o)
                0x000000000800b560                _fwalk_reent
 .text.__retarget_lock_init_recursive
                0x000000000800b59e        0x2 c:/st/stm32cubeide_1.8.0/stm32cubeide/plugins/com.st.stm32cube.ide.mcu.externaltools.gnu-tools-for-stm32.9-2020-q2-update.win32_2.0.0.202105311346/tools/bin/../lib/gcc/arm-none-eabi/9.3.1/../../../../arm-none-eabi/lib/thumb/v7e-m+fp/hard\libc_nano.a(lib_a-lock.o)
                0x000000000800b59e                __retarget_lock_init_recursive
 .text.__retarget_lock_acquire_recursive
                0x000000000800b5a0        0x2 c:/st/stm32cubeide_1.8.0/stm32cubeide/plugins/com.st.stm32cube.ide.mcu.externaltools.gnu-tools-for-stm32.9-2020-q2-update.win32_2.0.0.202105311346/tools/bin/../lib/gcc/arm-none-eabi/9.3.1/../../../../arm-none-eabi/lib/thumb/v7e-m+fp/hard\libc_nano.a(lib_a-lock.o)
                0x000000000800b5a0                __retarget_lock_acquire_recursive
 .text.__retarget_lock_release_recursive
                0x000000000800b5a2        0x2 c:/st/stm32cubeide_1.8.0/stm32cubeide/plugins/com.st.stm32cube.ide.mcu.externaltools.gnu-tools-for-stm32.9-2020-q2-update.win32_2.0.0.202105311346/tools/bin/../lib/gcc/arm-none-eabi/9.3.1/../../../../arm-none-eabi/lib/thumb/v7e-m+fp/hard\libc_nano.a(lib_a-lock.o)
                0x000000000800b5a2                __retarget_lock_release_recursive
 .text.__swhatbuf_r
                0x000000000800b5a4       0x48 c:/st/stm32cubeide_1.8.0/stm32cubeide/plugins/com.st.stm32cube.ide.mcu.externaltools.gnu-tools-for-stm32.9-2020-q2-update.win32_2.0.0.202105311346/tools/bin/../lib/gcc/arm-none-eabi/9.3.1/../../../../arm-none-eabi/lib/thumb/v7e-m+fp/hard\libc_nano.a(lib_a-makebuf.o)
                0x000000000800b5a4                __swhatbuf_r
 .text.__smakebuf_r
                0x000000000800b5ec       0x80 c:/st/stm32cubeide_1.8.0/stm32cubeide/plugins/com.st.stm32cube.ide.mcu.externaltools.gnu-tools-for-stm32.9-2020-q2-update.win32_2.0.0.202105311346/tools/bin/../lib/gcc/arm-none-eabi/9.3.1/../../../../arm-none-eabi/lib/thumb/v7e-m+fp/hard\libc_nano.a(lib_a-makebuf.o)
                0x000000000800b5ec                __smakebuf_r
 .text.__malloc_lock
                0x000000000800b66c        0xc c:/st/stm32cubeide_1.8.0/stm32cubeide/plugins/com.st.stm32cube.ide.mcu.externaltools.gnu-tools-for-stm32.9-2020-q2-update.win32_2.0.0.202105311346/tools/bin/../lib/gcc/arm-none-eabi/9.3.1/../../../../arm-none-eabi/lib/thumb/v7e-m+fp/hard\libc_nano.a(lib_a-mlock.o)
                0x000000000800b66c                __malloc_lock
 .text.__malloc_unlock
                0x000000000800b678        0xc c:/st/stm32cubeide_1.8.0/stm32cubeide/plugins/com.st.stm32cube.ide.mcu.externaltools.gnu-tools-for-stm32.9-2020-q2-update.win32_2.0.0.202105311346/tools/bin/../lib/gcc/arm-none-eabi/9.3.1/../../../../arm-none-eabi/lib/thumb/v7e-m+fp/hard\libc_nano.a(lib_a-mlock.o)
                0x000000000800b678                __malloc_unlock
 .text.__sread  0x000000000800b684       0x22 c:/st/stm32cubeide_1.8.0/stm32cubeide/plugins/com.st.stm32cube.ide.mcu.externaltools.gnu-tools-for-stm32.9-2020-q2-update.win32_2.0.0.202105311346/tools/bin/../lib/gcc/arm-none-eabi/9.3.1/../../../../arm-none-eabi/lib/thumb/v7e-m+fp/hard\libc_nano.a(lib_a-stdio.o)
                0x000000000800b684                __sread
 .text.__swrite
                0x000000000800b6a6       0x38 c:/st/stm32cubeide_1.8.0/stm32cubeide/plugins/com.st.stm32cube.ide.mcu.externaltools.gnu-tools-for-stm32.9-2020-q2-update.win32_2.0.0.202105311346/tools/bin/../lib/gcc/arm-none-eabi/9.3.1/../../../../arm-none-eabi/lib/thumb/v7e-m+fp/hard\libc_nano.a(lib_a-stdio.o)
                0x000000000800b6a6                __swrite
 .text.__sseek  0x000000000800b6de       0x24 c:/st/stm32cubeide_1.8.0/stm32cubeide/plugins/com.st.stm32cube.ide.mcu.externaltools.gnu-tools-for-stm32.9-2020-q2-update.win32_2.0.0.202105311346/tools/bin/../lib/gcc/arm-none-eabi/9.3.1/../../../../arm-none-eabi/lib/thumb/v7e-m+fp/hard\libc_nano.a(lib_a-stdio.o)
                0x000000000800b6de                __sseek
 .text.__sclose
                0x000000000800b702        0x8 c:/st/stm32cubeide_1.8.0/stm32cubeide/plugins/com.st.stm32cube.ide.mcu.externaltools.gnu-tools-for-stm32.9-2020-q2-update.win32_2.0.0.202105311346/tools/bin/../lib/gcc/arm-none-eabi/9.3.1/../../../../arm-none-eabi/lib/thumb/v7e-m+fp/hard\libc_nano.a(lib_a-stdio.o)
                0x000000000800b702                __sclose
 *fill*         0x000000000800b70a        0x2 
 .text._close_r
                0x000000000800b70c       0x20 c:/st/stm32cubeide_1.8.0/stm32cubeide/plugins/com.st.stm32cube.ide.mcu.externaltools.gnu-tools-for-stm32.9-2020-q2-update.win32_2.0.0.202105311346/tools/bin/../lib/gcc/arm-none-eabi/9.3.1/../../../../arm-none-eabi/lib/thumb/v7e-m+fp/hard\libc_nano.a(lib_a-closer.o)
                0x000000000800b70c                _close_r
 .text._fstat_r
                0x000000000800b72c       0x24 c:/st/stm32cubeide_1.8.0/stm32cubeide/plugins/com.st.stm32cube.ide.mcu.externaltools.gnu-tools-for-stm32.9-2020-q2-update.win32_2.0.0.202105311346/tools/bin/../lib/gcc/arm-none-eabi/9.3.1/../../../../arm-none-eabi/lib/thumb/v7e-m+fp/hard\libc_nano.a(lib_a-fstatr.o)
                0x000000000800b72c                _fstat_r
 .text._isatty_r
                0x000000000800b750       0x20 c:/st/stm32cubeide_1.8.0/stm32cubeide/plugins/com.st.stm32cube.ide.mcu.externaltools.gnu-tools-for-stm32.9-2020-q2-update.win32_2.0.0.202105311346/tools/bin/../lib/gcc/arm-none-eabi/9.3.1/../../../../arm-none-eabi/lib/thumb/v7e-m+fp/hard\libc_nano.a(lib_a-isattyr.o)
                0x000000000800b750                _isatty_r
 .text._lseek_r
                0x000000000800b770       0x24 c:/st/stm32cubeide_1.8.0/stm32cubeide/plugins/com.st.stm32cube.ide.mcu.externaltools.gnu-tools-for-stm32.9-2020-q2-update.win32_2.0.0.202105311346/tools/bin/../lib/gcc/arm-none-eabi/9.3.1/../../../../arm-none-eabi/lib/thumb/v7e-m+fp/hard\libc_nano.a(lib_a-lseekr.o)
                0x000000000800b770                _lseek_r
 .text._read_r  0x000000000800b794       0x24 c:/st/stm32cubeide_1.8.0/stm32cubeide/plugins/com.st.stm32cube.ide.mcu.externaltools.gnu-tools-for-stm32.9-2020-q2-update.win32_2.0.0.202105311346/tools/bin/../lib/gcc/arm-none-eabi/9.3.1/../../../../arm-none-eabi/lib/thumb/v7e-m+fp/hard\libc_nano.a(lib_a-readr.o)
                0x000000000800b794                _read_r
 *(.glue_7)
 .glue_7        0x000000000800b7b8        0x0 linker stubs
 *(.glue_7t)
 .glue_7t       0x000000000800b7b8        0x0 linker stubs
 *(.eh_frame)
 .eh_frame      0x000000000800b7b8        0x0 c:/st/stm32cubeide_1.8.0/stm32cubeide/plugins/com.st.stm32cube.ide.mcu.externaltools.gnu-tools-for-stm32.9-2020-q2-update.win32_2.0.0.202105311346/tools/bin/../lib/gcc/arm-none-eabi/9.3.1/thumb/v7e-m+fp/hard/crtbegin.o
 *(.init)
 .init          0x000000000800b7b8        0x4 c:/st/stm32cubeide_1.8.0/stm32cubeide/plugins/com.st.stm32cube.ide.mcu.externaltools.gnu-tools-for-stm32.9-2020-q2-update.win32_2.0.0.202105311346/tools/bin/../lib/gcc/arm-none-eabi/9.3.1/thumb/v7e-m+fp/hard/crti.o
                0x000000000800b7b8                _init
 .init          0x000000000800b7bc        0x8 c:/st/stm32cubeide_1.8.0/stm32cubeide/plugins/com.st.stm32cube.ide.mcu.externaltools.gnu-tools-for-stm32.9-2020-q2-update.win32_2.0.0.202105311346/tools/bin/../lib/gcc/arm-none-eabi/9.3.1/thumb/v7e-m+fp/hard/crtn.o
 *(.fini)
 .fini          0x000000000800b7c4        0x4 c:/st/stm32cubeide_1.8.0/stm32cubeide/plugins/com.st.stm32cube.ide.mcu.externaltools.gnu-tools-for-stm32.9-2020-q2-update.win32_2.0.0.202105311346/tools/bin/../lib/gcc/arm-none-eabi/9.3.1/thumb/v7e-m+fp/hard/crti.o
                0x000000000800b7c4                _fini
 .fini          0x000000000800b7c8        0x8 c:/st/stm32cubeide_1.8.0/stm32cubeide/plugins/com.st.stm32cube.ide.mcu.externaltools.gnu-tools-for-stm32.9-2020-q2-update.win32_2.0.0.202105311346/tools/bin/../lib/gcc/arm-none-eabi/9.3.1/thumb/v7e-m+fp/hard/crtn.o
                0x000000000800b7d0                . = ALIGN (0x4)
                0x000000000800b7d0                _etext = .

.vfp11_veneer   0x000000000800b7d0        0x0
 .vfp11_veneer  0x000000000800b7d0        0x0 linker stubs

.v4_bx          0x000000000800b7d0        0x0
 .v4_bx         0x000000000800b7d0        0x0 linker stubs

.iplt           0x000000000800b7d0        0x0
 .iplt          0x000000000800b7d0        0x0 c:/st/stm32cubeide_1.8.0/stm32cubeide/plugins/com.st.stm32cube.ide.mcu.externaltools.gnu-tools-for-stm32.9-2020-q2-update.win32_2.0.0.202105311346/tools/bin/../lib/gcc/arm-none-eabi/9.3.1/thumb/v7e-m+fp/hard/crtbegin.o

.rodata         0x000000000800b7d0      0x67c
                0x000000000800b7d0                . = ALIGN (0x4)
 *(.rodata)
 .rodata        0x000000000800b7d0       0x7d ./Components/Application/API_application.o
 *fill*         0x000000000800b84d        0x3 
 .rodata        0x000000000800b850        0xc ./Components/Audio/API_buzzer.o
 .rodata        0x000000000800b85c        0xd ./Components/Battery/API_battery.o
 *fill*         0x000000000800b869        0x3 
 .rodata        0x000000000800b86c        0x9 ./Components/HMI/API_HMI.o
 *fill*         0x000000000800b875        0x3 
 .rodata        0x000000000800b878      0x239 ./Components/HMI/TinyFrame.o
 *fill*         0x000000000800bab1        0x3 
 .rodata        0x000000000800bab4        0xa ./Components/LEDS/API_LEDS.o
 *fill*         0x000000000800babe        0x2 
 .rodata        0x000000000800bac0        0xd ./Components/Payload/API_payload.o
 *fill*         0x000000000800bacd        0x3 
 .rodata        0x000000000800bad0        0xe ./Components/Recovery/API_recovery.o
 *fill*         0x000000000800bade        0x2 
 .rodata        0x000000000800bae0        0x5 ./ThirdParty/FreeRTOS/tasks.o
 *fill*         0x000000000800bae5        0x3 
 .rodata        0x000000000800bae8        0xd ./ThirdParty/FreeRTOS/timers.o
 *fill*         0x000000000800baf5        0x3 
 .rodata        0x000000000800baf8       0x41 ./ThirdParty/SEGGER/Config/SEGGER_SYSVIEW_Config_FreeRTOS.o
 *fill*         0x000000000800bb39        0x3 
 .rodata        0x000000000800bb3c       0x58 ./ThirdParty/SEGGER/OS/SEGGER_SYSVIEW_FreeRTOS.o
 .rodata        0x000000000800bb94       0x17 ./ThirdParty/SEGGER/SEGGER/SEGGER_RTT.o
 *fill*         0x000000000800bbab        0x1 
 .rodata        0x000000000800bbac        0x8 ./ThirdParty/SEGGER/SEGGER/SEGGER_SYSVIEW.o
 *(.rodata*)
 .rodata.crc16_table
                0x000000000800bbb4      0x200 ./Components/HMI/TinyFrame.o
 .rodata.AHBPrescTable
                0x000000000800bdb4       0x10 ./Core/Src/system_stm32f4xx.o
                0x000000000800bdb4                AHBPrescTable
 .rodata.APBPrescTable
                0x000000000800bdc4        0x8 ./Core/Src/system_stm32f4xx.o
                0x000000000800bdc4                APBPrescTable
 .rodata.flagBitshiftOffset.8853
                0x000000000800bdcc        0x8 ./Drivers/STM32F4xx_HAL_Driver/Src/stm32f4xx_hal_dma.o
 .rodata.SYSVIEW_X_OS_TraceAPI
                0x000000000800bdd4        0x8 ./ThirdParty/SEGGER/OS/SEGGER_SYSVIEW_FreeRTOS.o
                0x000000000800bdd4                SYSVIEW_X_OS_TraceAPI
 .rodata._abSync
                0x000000000800bddc        0xa ./ThirdParty/SEGGER/SEGGER/SEGGER_SYSVIEW.o
 *fill*         0x000000000800bde6        0x2 
 .rodata._global_impure_ptr
                0x000000000800bde8        0x4 c:/st/stm32cubeide_1.8.0/stm32cubeide/plugins/com.st.stm32cube.ide.mcu.externaltools.gnu-tools-for-stm32.9-2020-q2-update.win32_2.0.0.202105311346/tools/bin/../lib/gcc/arm-none-eabi/9.3.1/../../../../arm-none-eabi/lib/thumb/v7e-m+fp/hard\libc_nano.a(lib_a-impure.o)
                0x000000000800bde8                _global_impure_ptr
 .rodata.__sf_fake_stderr
                0x000000000800bdec       0x20 c:/st/stm32cubeide_1.8.0/stm32cubeide/plugins/com.st.stm32cube.ide.mcu.externaltools.gnu-tools-for-stm32.9-2020-q2-update.win32_2.0.0.202105311346/tools/bin/../lib/gcc/arm-none-eabi/9.3.1/../../../../arm-none-eabi/lib/thumb/v7e-m+fp/hard\libc_nano.a(lib_a-findfp.o)
                0x000000000800bdec                __sf_fake_stderr
 .rodata.__sf_fake_stdin
                0x000000000800be0c       0x20 c:/st/stm32cubeide_1.8.0/stm32cubeide/plugins/com.st.stm32cube.ide.mcu.externaltools.gnu-tools-for-stm32.9-2020-q2-update.win32_2.0.0.202105311346/tools/bin/../lib/gcc/arm-none-eabi/9.3.1/../../../../arm-none-eabi/lib/thumb/v7e-m+fp/hard\libc_nano.a(lib_a-findfp.o)
                0x000000000800be0c                __sf_fake_stdin
 .rodata.__sf_fake_stdout
                0x000000000800be2c       0x20 c:/st/stm32cubeide_1.8.0/stm32cubeide/plugins/com.st.stm32cube.ide.mcu.externaltools.gnu-tools-for-stm32.9-2020-q2-update.win32_2.0.0.202105311346/tools/bin/../lib/gcc/arm-none-eabi/9.3.1/../../../../arm-none-eabi/lib/thumb/v7e-m+fp/hard\libc_nano.a(lib_a-findfp.o)
                0x000000000800be2c                __sf_fake_stdout
                0x000000000800be4c                . = ALIGN (0x4)

.ARM.extab      0x000000000800be4c        0x0
                0x000000000800be4c                . = ALIGN (0x4)
 *(.ARM.extab* .gnu.linkonce.armextab.*)
                0x000000000800be4c                . = ALIGN (0x4)

.ARM            0x000000000800be4c        0x8
                0x000000000800be4c                . = ALIGN (0x4)
                0x000000000800be4c                __exidx_start = .
 *(.ARM.exidx*)
 .ARM.exidx     0x000000000800be4c        0x8 c:/st/stm32cubeide_1.8.0/stm32cubeide/plugins/com.st.stm32cube.ide.mcu.externaltools.gnu-tools-for-stm32.9-2020-q2-update.win32_2.0.0.202105311346/tools/bin/../lib/gcc/arm-none-eabi/9.3.1/thumb/v7e-m+fp/hard\libgcc.a(_udivmoddi4.o)
                0x000000000800be54                __exidx_end = .
                0x000000000800be54                . = ALIGN (0x4)

.rel.dyn        0x000000000800be54        0x0
 .rel.iplt      0x000000000800be54        0x0 c:/st/stm32cubeide_1.8.0/stm32cubeide/plugins/com.st.stm32cube.ide.mcu.externaltools.gnu-tools-for-stm32.9-2020-q2-update.win32_2.0.0.202105311346/tools/bin/../lib/gcc/arm-none-eabi/9.3.1/thumb/v7e-m+fp/hard/crtbegin.o

.preinit_array  0x000000000800be54        0x0
                0x000000000800be54                . = ALIGN (0x4)
                0x000000000800be54                PROVIDE (__preinit_array_start = .)
 *(.preinit_array*)
                0x000000000800be54                PROVIDE (__preinit_array_end = .)
                0x000000000800be54                . = ALIGN (0x4)

.init_array     0x000000000800be54        0x4
                0x000000000800be54                . = ALIGN (0x4)
                0x000000000800be54                PROVIDE (__init_array_start = .)
 *(SORT_BY_NAME(.init_array.*))
 *(.init_array*)
 .init_array    0x000000000800be54        0x4 c:/st/stm32cubeide_1.8.0/stm32cubeide/plugins/com.st.stm32cube.ide.mcu.externaltools.gnu-tools-for-stm32.9-2020-q2-update.win32_2.0.0.202105311346/tools/bin/../lib/gcc/arm-none-eabi/9.3.1/thumb/v7e-m+fp/hard/crtbegin.o
                0x000000000800be58                PROVIDE (__init_array_end = .)
                0x000000000800be58                . = ALIGN (0x4)

.fini_array     0x000000000800be58        0x4
                0x000000000800be58                . = ALIGN (0x4)
                [!provide]                        PROVIDE (__fini_array_start = .)
 *(SORT_BY_NAME(.fini_array.*))
 *(.fini_array*)
 .fini_array    0x000000000800be58        0x4 c:/st/stm32cubeide_1.8.0/stm32cubeide/plugins/com.st.stm32cube.ide.mcu.externaltools.gnu-tools-for-stm32.9-2020-q2-update.win32_2.0.0.202105311346/tools/bin/../lib/gcc/arm-none-eabi/9.3.1/thumb/v7e-m+fp/hard/crtbegin.o
                [!provide]                        PROVIDE (__fini_array_end = .)
                0x000000000800be5c                . = ALIGN (0x4)
                0x000000000800be5c                _sidata = LOADADDR (.data)

.data           0x0000000020000000       0x78 load address 0x000000000800be5c
                0x0000000020000000                . = ALIGN (0x4)
                0x0000000020000000                _sdata = .
 *(.data)
 *(.data*)
 .data.SystemCoreClock
                0x0000000020000000        0x4 ./Core/Src/system_stm32f4xx.o
                0x0000000020000000                SystemCoreClock
 .data.uwTickPrio
                0x0000000020000004        0x4 ./Drivers/STM32F4xx_HAL_Driver/Src/stm32f4xx_hal.o
                0x0000000020000004                uwTickPrio
 .data.uwTickFreq
                0x0000000020000008        0x1 ./Drivers/STM32F4xx_HAL_Driver/Src/stm32f4xx_hal.o
                0x0000000020000008                uwTickFreq
 *fill*         0x0000000020000009        0x3 
 .data.uxTopUsedPriority
                0x000000002000000c        0x4 ./ThirdParty/FreeRTOS/tasks.o
                0x000000002000000c                uxTopUsedPriority
 .data.uxCriticalNesting
                0x0000000020000010        0x4 ./ThirdParty/FreeRTOS/portable/GCC/ARM_CM4F/port.o
 .data._impure_ptr
                0x0000000020000014        0x4 c:/st/stm32cubeide_1.8.0/stm32cubeide/plugins/com.st.stm32cube.ide.mcu.externaltools.gnu-tools-for-stm32.9-2020-q2-update.win32_2.0.0.202105311346/tools/bin/../lib/gcc/arm-none-eabi/9.3.1/../../../../arm-none-eabi/lib/thumb/v7e-m+fp/hard\libc_nano.a(lib_a-impure.o)
                0x0000000020000014                _impure_ptr
 .data.impure_data
                0x0000000020000018       0x60 c:/st/stm32cubeide_1.8.0/stm32cubeide/plugins/com.st.stm32cube.ide.mcu.externaltools.gnu-tools-for-stm32.9-2020-q2-update.win32_2.0.0.202105311346/tools/bin/../lib/gcc/arm-none-eabi/9.3.1/../../../../arm-none-eabi/lib/thumb/v7e-m+fp/hard\libc_nano.a(lib_a-impure.o)
 *(.RamFunc)
 *(.RamFunc*)
                0x0000000020000078                . = ALIGN (0x4)
                0x0000000020000078                _edata = .

.igot.plt       0x0000000020000078        0x0 load address 0x000000000800bed4
 .igot.plt      0x0000000020000078        0x0 c:/st/stm32cubeide_1.8.0/stm32cubeide/plugins/com.st.stm32cube.ide.mcu.externaltools.gnu-tools-for-stm32.9-2020-q2-update.win32_2.0.0.202105311346/tools/bin/../lib/gcc/arm-none-eabi/9.3.1/thumb/v7e-m+fp/hard/crtbegin.o
                0x0000000020000078                . = ALIGN (0x4)

.bss            0x0000000020000078     0x5920 load address 0x000000000800bed4
                0x0000000020000078                _sbss = .
                0x0000000020000078                __bss_start__ = _sbss
 *(.bss)
 .bss           0x0000000020000078       0x1c c:/st/stm32cubeide_1.8.0/stm32cubeide/plugins/com.st.stm32cube.ide.mcu.externaltools.gnu-tools-for-stm32.9-2020-q2-update.win32_2.0.0.202105311346/tools/bin/../lib/gcc/arm-none-eabi/9.3.1/thumb/v7e-m+fp/hard/crtbegin.o
 *(.bss*)
 .bss.mntr_recov
                0x0000000020000094        0x2 ./Components/Application/API_application.o
 *fill*         0x0000000020000096        0x2 
 .bss.mntr_payload
                0x0000000020000098        0x2 ./Components/Application/API_application.o
 *fill*         0x000000002000009a        0x2 
 .bss.mntr_battery
                0x000000002000009c       0x18 ./Components/Application/API_application.o
 .bss.buzzer    0x00000000200000b4        0x8 ./Components/Audio/API_buzzer.o
 .bss.payload_mntr
                0x00000000200000bc        0x2 ./Components/Payload/API_payload.o
 *fill*         0x00000000200000be        0x2 
 .bss.recov_mntr
                0x00000000200000c0        0x2 ./Components/Recovery/API_recovery.o
 *fill*         0x00000000200000c2        0x2 
 .bss.__sbrk_heap_end
                0x00000000200000c4        0x4 ./Core/Src/sysmem.o
 .bss.pxCurrentTCB
                0x00000000200000c8        0x4 ./ThirdParty/FreeRTOS/tasks.o
                0x00000000200000c8                pxCurrentTCB
 .bss.pxReadyTasksLists
                0x00000000200000cc       0x64 ./ThirdParty/FreeRTOS/tasks.o
 .bss.xDelayedTaskList1
                0x0000000020000130       0x14 ./ThirdParty/FreeRTOS/tasks.o
 .bss.xDelayedTaskList2
                0x0000000020000144       0x14 ./ThirdParty/FreeRTOS/tasks.o
 .bss.pxDelayedTaskList
                0x0000000020000158        0x4 ./ThirdParty/FreeRTOS/tasks.o
 .bss.pxOverflowDelayedTaskList
                0x000000002000015c        0x4 ./ThirdParty/FreeRTOS/tasks.o
 .bss.xPendingReadyList
                0x0000000020000160       0x14 ./ThirdParty/FreeRTOS/tasks.o
 .bss.xTasksWaitingTermination
                0x0000000020000174       0x14 ./ThirdParty/FreeRTOS/tasks.o
 .bss.uxDeletedTasksWaitingCleanUp
                0x0000000020000188        0x4 ./ThirdParty/FreeRTOS/tasks.o
 .bss.xSuspendedTaskList
                0x000000002000018c       0x14 ./ThirdParty/FreeRTOS/tasks.o
 .bss.uxCurrentNumberOfTasks
                0x00000000200001a0        0x4 ./ThirdParty/FreeRTOS/tasks.o
 .bss.xTickCount
                0x00000000200001a4        0x4 ./ThirdParty/FreeRTOS/tasks.o
 .bss.uxTopReadyPriority
                0x00000000200001a8        0x4 ./ThirdParty/FreeRTOS/tasks.o
 .bss.xSchedulerRunning
                0x00000000200001ac        0x4 ./ThirdParty/FreeRTOS/tasks.o
 .bss.xPendedTicks
                0x00000000200001b0        0x4 ./ThirdParty/FreeRTOS/tasks.o
 .bss.xYieldPending
                0x00000000200001b4        0x4 ./ThirdParty/FreeRTOS/tasks.o
 .bss.xNumOfOverflows
                0x00000000200001b8        0x4 ./ThirdParty/FreeRTOS/tasks.o
 .bss.uxTaskNumber
                0x00000000200001bc        0x4 ./ThirdParty/FreeRTOS/tasks.o
 .bss.xNextTaskUnblockTime
                0x00000000200001c0        0x4 ./ThirdParty/FreeRTOS/tasks.o
 .bss.xIdleTaskHandle
                0x00000000200001c4        0x4 ./ThirdParty/FreeRTOS/tasks.o
 .bss.uxSchedulerSuspended
                0x00000000200001c8        0x4 ./ThirdParty/FreeRTOS/tasks.o
 .bss.xActiveTimerList1
                0x00000000200001cc       0x14 ./ThirdParty/FreeRTOS/timers.o
 .bss.xActiveTimerList2
                0x00000000200001e0       0x14 ./ThirdParty/FreeRTOS/timers.o
 .bss.pxCurrentTimerList
                0x00000000200001f4        0x4 ./ThirdParty/FreeRTOS/timers.o
 .bss.pxOverflowTimerList
                0x00000000200001f8        0x4 ./ThirdParty/FreeRTOS/timers.o
 .bss.xTimerQueue
                0x00000000200001fc        0x4 ./ThirdParty/FreeRTOS/timers.o
 .bss.xTimerTaskHandle
                0x0000000020000200        0x4 ./ThirdParty/FreeRTOS/timers.o
 .bss.xLastTime.7310
                0x0000000020000204        0x4 ./ThirdParty/FreeRTOS/timers.o
 .bss.ucMaxSysCallPriority
                0x0000000020000208        0x1 ./ThirdParty/FreeRTOS/portable/GCC/ARM_CM4F/port.o
 *fill*         0x0000000020000209        0x3 
 .bss.ulMaxPRIGROUPValue
                0x000000002000020c        0x4 ./ThirdParty/FreeRTOS/portable/GCC/ARM_CM4F/port.o
 .bss.ucHeap    0x0000000020000210     0x3c00 ./ThirdParty/FreeRTOS/portable/MemMang/heap_4.o
 .bss.xStart    0x0000000020003e10        0x8 ./ThirdParty/FreeRTOS/portable/MemMang/heap_4.o
 .bss.pxEnd     0x0000000020003e18        0x4 ./ThirdParty/FreeRTOS/portable/MemMang/heap_4.o
 .bss.xFreeBytesRemaining
                0x0000000020003e1c        0x4 ./ThirdParty/FreeRTOS/portable/MemMang/heap_4.o
 .bss.xMinimumEverFreeBytesRemaining
                0x0000000020003e20        0x4 ./ThirdParty/FreeRTOS/portable/MemMang/heap_4.o
 .bss.xNumberOfSuccessfulAllocations
                0x0000000020003e24        0x4 ./ThirdParty/FreeRTOS/portable/MemMang/heap_4.o
 .bss.xNumberOfSuccessfulFrees
                0x0000000020003e28        0x4 ./ThirdParty/FreeRTOS/portable/MemMang/heap_4.o
 .bss.xBlockAllocatedBit
                0x0000000020003e2c        0x4 ./ThirdParty/FreeRTOS/portable/MemMang/heap_4.o
 .bss._aTasks   0x0000000020003e30      0x280 ./ThirdParty/SEGGER/OS/SEGGER_SYSVIEW_FreeRTOS.o
 .bss._NumTasks
                0x00000000200040b0        0x4 ./ThirdParty/SEGGER/OS/SEGGER_SYSVIEW_FreeRTOS.o
 .bss._acUpBuffer
                0x00000000200040b4      0x400 ./ThirdParty/SEGGER/SEGGER/SEGGER_RTT.o
 .bss._acDownBuffer
                0x00000000200044b4       0x10 ./ThirdParty/SEGGER/SEGGER/SEGGER_RTT.o
 .bss._UpBuffer
                0x00000000200044c4     0x1000 ./ThirdParty/SEGGER/SEGGER/SEGGER_SYSVIEW.o
 .bss._DownBuffer
                0x00000000200054c4        0x8 ./ThirdParty/SEGGER/SEGGER/SEGGER_SYSVIEW.o
 .bss._SYSVIEW_Globals
                0x00000000200054cc       0x28 ./ThirdParty/SEGGER/SEGGER/SEGGER_SYSVIEW.o
 .bss._pFirstModule
                0x00000000200054f4        0x4 ./ThirdParty/SEGGER/SEGGER/SEGGER_SYSVIEW.o
 .bss._NumModules
                0x00000000200054f8        0x1 ./ThirdParty/SEGGER/SEGGER/SEGGER_SYSVIEW.o
 *fill*         0x00000000200054f9        0x3 
 .bss._aPacket  0x00000000200054fc       0xe3 ./ThirdParty/SEGGER/SEGGER/SEGGER_SYSVIEW.o
 *fill*         0x00000000200055df        0x1 
 .bss.__malloc_free_list
                0x00000000200055e0        0x4 c:/st/stm32cubeide_1.8.0/stm32cubeide/plugins/com.st.stm32cube.ide.mcu.externaltools.gnu-tools-for-stm32.9-2020-q2-update.win32_2.0.0.202105311346/tools/bin/../lib/gcc/arm-none-eabi/9.3.1/../../../../arm-none-eabi/lib/thumb/v7e-m+fp/hard\libc_nano.a(lib_a-nano-mallocr.o)
                0x00000000200055e0                __malloc_free_list
 .bss.__malloc_sbrk_start
                0x00000000200055e4        0x4 c:/st/stm32cubeide_1.8.0/stm32cubeide/plugins/com.st.stm32cube.ide.mcu.externaltools.gnu-tools-for-stm32.9-2020-q2-update.win32_2.0.0.202105311346/tools/bin/../lib/gcc/arm-none-eabi/9.3.1/../../../../arm-none-eabi/lib/thumb/v7e-m+fp/hard\libc_nano.a(lib_a-nano-mallocr.o)
                0x00000000200055e4                __malloc_sbrk_start
 *(COMMON)
 COMMON         0x00000000200055e8       0x15 ./Components/Application/API_application.o
                0x00000000200055e8                userBtn
                0x00000000200055e9                flagAeroc
                0x00000000200055ea                flagWinIn
                0x00000000200055ec                TimerHandle_window_in
                0x00000000200055f0                flagWinOut
                0x00000000200055f4                TimerHandle_window_out
                0x00000000200055f8                TaskHandle_application
                0x00000000200055fc                flagDeploy
 *fill*         0x00000000200055fd        0x3 
 COMMON         0x0000000020005600        0x8 ./Components/Audio/API_buzzer.o
                0x0000000020005600                TaskHandle_buzzer